[2026-09-22T06:35:53.245382+00:00] ================================================================
[2026-09-22T06:35:53.245405+00:00] Starting G3.3 Live Acceptance Suite (Run ID: frozen_19case_20260922T063553Z)
[2026-09-22T06:35:53.245414+00:00] ================================================================
[2026-09-22T06:35:53.425550+00:00] Source identity recorded: /Users/everwalker/Downloads/COMSOL_MCP_G3_3_WORKPACK/SOURCE_TREE_IDENTITY.json (commit cb9bb40e64e8)
[2026-09-22T06:35:53.425574+00:00] Starting dedicated clean-room COMSOL mphserver...
[2026-09-22T06:35:57.709524+00:00] COMSOL mphserver PID 4455 listening on port 58079
[2026-09-22T06:35:57.709642+00:00] Executing C00: clean recovery, source binding and wheel out-of-tree verification...
[2026-09-22T06:36:01.246966+00:00] C00 (Clean Recovery, Source Binding & Wheel Verification): ✓ PASS
[2026-09-22T06:36:01.247585+00:00] Executing C01: Evidence correction verification...
[2026-09-22T06:36:01.248993+00:00] C01 (Evidence Correction & Ledger Auditing): ✓ PASS
[2026-09-22T06:36:01.249010+00:00] Executing C02: Dangerous states verification...
[2026-09-22T06:36:01.250851+00:00] C02 (Dangerous States & Safe Refusal): ✓ PASS
[2026-09-22T06:36:01.250865+00:00] Executing C03: Gate A live reopen verification on saved MPH artifacts...
[2026-09-22T06:36:02.679075+00:00]   Building Chain A (Stationary Heat Transfer)...
[2026-09-22T06:36:09.014133+00:00]   Building Chain B (Transient Heat Transfer)...
[2026-09-22T06:36:10.779633+00:00]   Building Chain C (Modified Continuation Model)...
[2026-09-22T06:36:12.258877+00:00]   Building BenchC04 (3D Block V=3)...
[2026-09-22T06:36:13.842970+00:00]   Building BenchC05 (Multi-Domain [0,1]x[0,2] and [1,3]x[0,2])...
[2026-09-22T06:36:15.114600+00:00]   Building BenchC06 (2D Rectangle [0,2]x[0,3])...
[2026-09-22T06:36:16.420747+00:00]   Building BenchC07 (2D Axisymmetric Cylinder R=2, H=3)...
[2026-09-22T06:36:18.068660+00:00]   Reopening identical artifacts in fresh worker without solving...
[2026-09-22T06:36:20.426408+00:00]   Loading benchmark models in verifier worker...
[2026-09-22T06:36:21.484550+00:00]   Running negative controls through verify_reopen...
[2026-09-22T06:36:23.122525+00:00] C03 (Gate A Reopen & Stored Solution Acceptance): ✓ PASS
[2026-09-22T06:36:23.122581+00:00] Executing C03R: independent re-solve and indistinguishability...
[2026-09-22T06:36:23.897067+00:00] C03R (Independent Re-solve & Indistinguishability): ✓ PASS
[2026-09-22T06:36:23.897201+00:00] Executing C04: Constant field statistics (f=2, V=3) on live COMSOL model...
[2026-09-22T06:36:24.223475+00:00] C04 (Constant Field Statistics (f=2, V=3)): ✓ PASS
[2026-09-22T06:36:24.223538+00:00] Executing C05: Multi-dimensional and selection mapping on live COMSOL model...
[2026-09-22T06:36:27.380744+00:00] C05 (Multi-dimensional & Selection Support): ✓ PASS
[2026-09-22T06:36:27.380821+00:00] Executing C06: Non-uniform field analytic comparison (f=x+2y) on live COMSOL model...
[2026-09-22T06:36:27.614156+00:00] C06 (Non-Uniform Field Analytical Verification): ✓ PASS
[2026-09-22T06:36:27.614215+00:00] Executing C07: Axisymmetric cylinder weighting (R=2, H=3) on live COMSOL model...
[2026-09-22T06:36:27.736899+00:00] C07 (Axisymmetric Cylinder Verification): ✓ PASS
[2026-09-22T06:36:27.736957+00:00] Executing C08: Solution axis binding and multidimensional slicing on live transient model...
[2026-09-22T06:36:28.150977+00:00] C08 (Solution Axis Slicing & Metadata): ✓ PASS
[2026-09-22T06:36:28.151029+00:00] Executing C09: Complex field transformations on live COMSOL model...
[2026-09-22T06:36:28.386638+00:00] C09 (Complex Field Transformations): ✓ PASS
[2026-09-22T06:36:28.386699+00:00] Executing C10: Point coordinates unit scaling (m vs mm) on live COMSOL model...
[2026-09-22T06:36:28.472095+00:00] C10 (Point Coordinates Scaling (m vs mm)): ✓ PASS
[2026-09-22T06:36:28.472192+00:00] Executing C11: Dataset graph, CutPoint2D evaluation and cycle detection...
[2026-09-22T06:36:28.544995+00:00] C11 (Dataset Dependency Graph & CutPoint2D): ✓ PASS
[2026-09-22T06:36:28.545122+00:00] Executing C12: Export security and atomic failure rollback...
[2026-09-22T06:36:28.548709+00:00] C12 (Export Path Traversal Protection & Atomic Rollback): ✓ PASS
[2026-09-22T06:36:28.548729+00:00] Executing C13: Big array chunk streaming with SHA verification...
[2026-09-22T06:36:30.471387+00:00] C13 (Chunk Streaming & Bounded Memory): ✓ PASS
[2026-09-22T06:36:30.471653+00:00] Executing C14: Model definitions probe and results separation on live COMSOL model...
[2026-09-22T06:36:30.508717+00:00]   Verifying host dispatch path for probe operations...
[2026-09-22T06:36:30.622473+00:00] C14 (Definitions Probe vs Derived Values Separation & Table Management): ✓ PASS
[2026-09-22T06:36:30.622685+00:00] Executing C15: Idempotency, control responsiveness during a solve, stale references...
[2026-09-22T06:36:36.940802+00:00] C15 (Idempotency & Control Responsiveness): ✓ PASS
[2026-09-22T06:36:36.941768+00:00] Executing C16: packaging, dependency locks and wheel resources...
[2026-09-22T06:36:36.987669+00:00] C16 (Packaging & Dependencies Lock): ✓ PASS
[2026-09-22T06:36:36.987916+00:00] Executing C17: teardown and evidence finalization...
[2026-09-22T06:36:36.987939+00:00] Stopping isolated mphserver PID 4455...
[2026-09-22T06:36:38.119714+00:00] C17 (Teardown & Verification Ledger Finalization): ✓ PASS
[2026-09-22T06:36:38.119772+00:00] Suite completed in 44.87s
