[2026-09-22T06:04:38.557488+00:00] ================================================================
[2026-09-22T06:04:38.557539+00:00] Starting G3.3 Live Acceptance Suite (Run ID: frozen_19case_20260922T060438Z)
[2026-09-22T06:04:38.557549+00:00] ================================================================
[2026-09-22T06:04:38.693731+00:00] Source identity recorded: /Users/everwalker/Downloads/COMSOL_MCP_G3_3_WORKPACK/SOURCE_TREE_IDENTITY.json (commit 06567cd27002)
[2026-09-22T06:04:38.693761+00:00] Starting dedicated clean-room COMSOL mphserver...
[2026-09-22T06:04:41.767023+00:00] COMSOL mphserver PID 91482 listening on port 52134
[2026-09-22T06:04:41.767216+00:00] Executing C00: clean recovery, source binding and wheel out-of-tree verification...
[2026-09-22T06:04:46.952059+00:00] C00 (Clean Recovery, Source Binding & Wheel Verification): ✓ PASS
[2026-09-22T06:04:46.952739+00:00] Executing C01: Evidence correction verification...
[2026-09-22T06:04:46.954174+00:00] C01 (Evidence Correction & Ledger Auditing): ✓ PASS
[2026-09-22T06:04:46.954188+00:00] Executing C02: Dangerous states verification...
[2026-09-22T06:04:46.955664+00:00] C02 (Dangerous States & Safe Refusal): ✓ PASS
[2026-09-22T06:04:46.955676+00:00] Executing C03: Gate A live reopen verification on saved MPH artifacts...
[2026-09-22T06:04:48.089461+00:00]   Building Chain A (Stationary Heat Transfer)...
[2026-09-22T06:04:53.927094+00:00]   Building Chain B (Transient Heat Transfer)...
[2026-09-22T06:04:55.819669+00:00]   Building Chain C (Modified Continuation Model)...
[2026-09-22T06:04:57.443280+00:00]   Building BenchC04 (3D Block V=3)...
[2026-09-22T06:04:59.015244+00:00]   Building BenchC05 (Multi-Domain [0,1]x[0,2] and [1,3]x[0,2])...
[2026-09-22T06:05:00.174811+00:00]   Building BenchC06 (2D Rectangle [0,2]x[0,3])...
[2026-09-22T06:05:01.330418+00:00]   Building BenchC07 (2D Axisymmetric Cylinder R=2, H=3)...
[2026-09-22T06:05:02.916186+00:00]   Reopening identical artifacts in fresh worker without solving...
[2026-09-22T06:05:05.228371+00:00]   Loading benchmark models in verifier worker...
[2026-09-22T06:05:06.191176+00:00]   Running negative controls through verify_reopen...
[2026-09-22T06:05:07.788587+00:00] C03 (Gate A Reopen & Stored Solution Acceptance): ✓ PASS
[2026-09-22T06:05:07.788627+00:00] Executing C03R: independent re-solve and indistinguishability...
[2026-09-22T06:05:08.527617+00:00] C03R (Independent Re-solve & Indistinguishability): ✓ PASS
[2026-09-22T06:05:08.527726+00:00] Executing C04: Constant field statistics (f=2, V=3) on live COMSOL model...
[2026-09-22T06:05:08.873335+00:00] C04 (Constant Field Statistics (f=2, V=3)): ✓ PASS
[2026-09-22T06:05:08.873412+00:00] Executing C05: Multi-dimensional and selection mapping on live COMSOL model...
[2026-09-22T06:05:11.721880+00:00] C05 (Multi-dimensional & Selection Support): ✓ PASS
[2026-09-22T06:05:11.721925+00:00] Executing C06: Non-uniform field analytic comparison (f=x+2y) on live COMSOL model...
[2026-09-22T06:05:12.072325+00:00] C06 (Non-Uniform Field Analytical Verification): ✓ PASS
[2026-09-22T06:05:12.072376+00:00] Executing C07: Axisymmetric cylinder weighting (R=2, H=3) on live COMSOL model...
[2026-09-22T06:05:12.179520+00:00] C07 (Axisymmetric Cylinder Verification): ✓ PASS
[2026-09-22T06:05:12.179569+00:00] Executing C08: Solution axis binding and multidimensional slicing on live transient model...
[2026-09-22T06:05:12.517510+00:00] C08 (Solution Axis Slicing & Metadata): ✓ PASS
[2026-09-22T06:05:12.517572+00:00] Executing C09: Complex field transformations on live COMSOL model...
[2026-09-22T06:05:12.784526+00:00] C09 (Complex Field Transformations): ✓ PASS
[2026-09-22T06:05:12.784589+00:00] Executing C10: Point coordinates unit scaling (m vs mm) on live COMSOL model...
[2026-09-22T06:05:12.864178+00:00] C10 (Point Coordinates Scaling (m vs mm)): ✓ PASS
[2026-09-22T06:05:12.864241+00:00] Executing C11: Dataset graph, CutPoint2D evaluation and cycle detection...
[2026-09-22T06:05:12.927874+00:00] C11 (Dataset Dependency Graph & CutPoint2D): ✓ PASS
[2026-09-22T06:05:12.927921+00:00] Executing C12: Export security and atomic failure rollback...
[2026-09-22T06:05:12.931197+00:00] C12 (Export Path Traversal Protection & Atomic Rollback): ✓ PASS
[2026-09-22T06:05:12.931215+00:00] Executing C13: Big array chunk streaming with SHA verification...
[2026-09-22T06:05:14.835418+00:00] C13 (Chunk Streaming & Bounded Memory): ✓ PASS
[2026-09-22T06:05:14.835630+00:00] Executing C14: Model definitions probe and results separation on live COMSOL model...
[2026-09-22T06:05:14.869565+00:00]   Verifying host dispatch path for probe operations...
[2026-09-22T06:05:14.991910+00:00] C14 (Definitions Probe vs Derived Values Separation & Table Management): ✓ PASS
[2026-09-22T06:05:14.991971+00:00] Executing C15: Idempotency, control responsiveness during a solve, stale references...
[2026-09-22T06:05:20.849955+00:00] C15 (Idempotency & Control Responsiveness): ✓ PASS
[2026-09-22T06:05:20.851018+00:00] Executing C16: packaging, dependency locks and wheel resources...
[2026-09-22T06:05:20.893703+00:00] C16 (Packaging & Dependencies Lock): ✓ PASS
[2026-09-22T06:05:20.893926+00:00] Executing C17: teardown and evidence finalization...
[2026-09-22T06:05:20.893945+00:00] Stopping isolated mphserver PID 91482...
[2026-09-22T06:05:22.022976+00:00] C17 (Teardown & Verification Ledger Finalization): ✓ PASS
[2026-09-22T06:05:22.023126+00:00] Suite completed in 43.47s
