[2026-09-22T06:01:14.580762+00:00] ================================================================
[2026-09-22T06:01:14.580797+00:00] Starting G3.3 Live Acceptance Suite (Run ID: frozen_only_20260922T060114Z)
[2026-09-22T06:01:14.580806+00:00] ================================================================
[2026-09-22T06:01:14.715412+00:00] Source identity recorded: /Users/everwalker/Downloads/COMSOL_MCP_G3_3_WORKPACK/SOURCE_TREE_IDENTITY.json (commit 65d1c51c3d12)
[2026-09-22T06:01:14.715438+00:00] Starting dedicated clean-room COMSOL mphserver...
[2026-09-22T06:01:17.487413+00:00] COMSOL mphserver PID 90176 listening on port 61063
[2026-09-22T06:01:17.487494+00:00] Executing C03: Gate A live reopen verification on saved MPH artifacts...
[2026-09-22T06:01:18.582609+00:00]   Building Chain A (Stationary Heat Transfer)...
[2026-09-22T06:01:24.073256+00:00]   Building Chain B (Transient Heat Transfer)...
[2026-09-22T06:01:25.965179+00:00]   Building Chain C (Modified Continuation Model)...
[2026-09-22T06:01:27.438792+00:00]   Building BenchC04 (3D Block V=3)...
[2026-09-22T06:01:29.061863+00:00]   Building BenchC05 (Multi-Domain [0,1]x[0,2] and [1,3]x[0,2])...
[2026-09-22T06:01:30.287864+00:00]   Building BenchC06 (2D Rectangle [0,2]x[0,3])...
[2026-09-22T06:01:31.794780+00:00]   Building BenchC07 (2D Axisymmetric Cylinder R=2, H=3)...
[2026-09-22T06:01:33.457114+00:00]   Reopening identical artifacts in fresh worker without solving...
[2026-09-22T06:01:35.876588+00:00]   Loading benchmark models in verifier worker...
[2026-09-22T06:01:36.931733+00:00]   Running negative controls through verify_reopen...
[2026-09-22T06:01:38.641163+00:00] C03 (Gate A Reopen & Stored Solution Acceptance): ✓ PASS
[2026-09-22T06:01:38.641213+00:00] Executing C03R: independent re-solve and indistinguishability...
[2026-09-22T06:01:39.436327+00:00] C03R (Independent Re-solve & Indistinguishability): ✓ PASS
[2026-09-22T06:01:39.436474+00:00] Executing C05: Multi-dimensional and selection mapping on live COMSOL model...
[2026-09-22T06:01:42.678436+00:00] C05 (Multi-dimensional & Selection Support): ✓ PASS
[2026-09-22T06:01:42.678499+00:00] Executing C08: Solution axis binding and multidimensional slicing on live transient model...
[2026-09-22T06:01:43.039425+00:00] C08 (Solution Axis Slicing): ✗ FAIL
[2026-09-22T06:01:43.039478+00:00]   Error: {'refused': True, 'code': 'INVALID_REQUEST', 'message': 'inner index 999 out of range [1, 1]'}
[2026-09-22T06:01:43.039520+00:00] Executing C09: Complex field transformations on live COMSOL model...
[2026-09-22T06:01:43.301234+00:00] C09 (Complex Field Transformations): ✓ PASS
[2026-09-22T06:01:43.301293+00:00] Executing C14: Model definitions probe and results separation on live COMSOL model...
[2026-09-22T06:01:43.336201+00:00]   Verifying host dispatch path for probe operations...
[2026-09-22T06:01:43.424262+00:00] C14 (Probe Separation): ✗ FAIL
[2026-09-22T06:01:43.424294+00:00]   Error: table create path must be a NodePath object
[2026-09-22T06:01:43.424326+00:00] Executing C15: Idempotency, control responsiveness during a solve, stale references...
[2026-09-22T06:01:49.025944+00:00] C15 (Control Responsiveness): ✗ FAIL
[2026-09-22T06:01:49.026042+00:00]   Error: (0.029350580093791816, 9.999999999999964e-05)
[2026-09-22T06:01:49.026528+00:00] Stopping isolated mphserver PID 90176...
[2026-09-22T06:01:49.155174+00:00] Suite completed in 34.57s
