[2026-09-22T05:48:01.191008+00:00] ================================================================
[2026-09-22T05:48:01.191077+00:00] Starting G3.3 Live Acceptance Suite (Run ID: frozen_19case_20260922T054801Z)
[2026-09-22T05:48:01.191086+00:00] ================================================================
[2026-09-22T05:48:01.336757+00:00] Source identity recorded: /Users/everwalker/Downloads/COMSOL_MCP_G3_3_WORKPACK/SOURCE_TREE_IDENTITY.json (commit 54360a37245d)
[2026-09-22T05:48:01.336960+00:00] Starting dedicated clean-room COMSOL mphserver...
[2026-09-22T05:48:04.408832+00:00] COMSOL mphserver PID 86186 listening on port 51008
[2026-09-22T05:48:04.409121+00:00] Executing C00: clean recovery, source binding and wheel out-of-tree verification...
[2026-09-22T05:48:07.811843+00:00] C00 (Clean Recovery, Source Binding & Wheel Verification): ✓ PASS
[2026-09-22T05:48:07.812478+00:00] Executing C01: Evidence correction verification...
[2026-09-22T05:48:07.813667+00:00] C01 (Evidence Correction & Ledger Auditing): ✓ PASS
[2026-09-22T05:48:07.813684+00:00] Executing C02: Dangerous states verification...
[2026-09-22T05:48:07.815134+00:00] C02 (Dangerous States & Safe Refusal): ✓ PASS
[2026-09-22T05:48:07.815148+00:00] Executing C03: Gate A live reopen verification on saved MPH artifacts...
[2026-09-22T05:48:08.942132+00:00]   Building Chain A (Stationary Heat Transfer)...
[2026-09-22T05:48:14.807287+00:00]   Building Chain B (Transient Heat Transfer)...
[2026-09-22T05:48:16.781214+00:00]   Building Chain C (Modified Continuation Model)...
[2026-09-22T05:48:18.492562+00:00]   Building BenchC04 (3D Block V=3)...
[2026-09-22T05:48:20.126641+00:00]   Building BenchC05 (Multi-Domain [0,1]x[0,2] and [1,3]x[0,2])...
[2026-09-22T05:48:21.367737+00:00]   Building BenchC06 (2D Rectangle [0,2]x[0,3])...
[2026-09-22T05:48:22.662545+00:00]   Building BenchC07 (2D Axisymmetric Cylinder R=2, H=3)...
[2026-09-22T05:48:24.542958+00:00]   Reopening identical artifacts in fresh worker without solving...
[2026-09-22T05:48:26.934777+00:00]   Loading benchmark models in verifier worker...
[2026-09-22T05:48:28.072597+00:00]   Running negative controls through verify_reopen...
[2026-09-22T05:48:29.044103+00:00] C03 aborted: AssertionError: ('DATASET_NOT_FOUND', "Expected dataset 'dset1' not found in model datasets []", 'the cleared artifact\'s read produced {\'read_raised\': "PreWriteRefusal: dataset \'dset1\' does not exist"}')
[2026-09-22T05:48:29.050521+00:00] C03 (C03 (aborted before recording)): ✗ FAIL
[2026-09-22T05:48:29.050575+00:00]   Error: AssertionError: ('DATASET_NOT_FOUND', "Expected dataset 'dset1' not found in model datasets []", 'the cleared artifact\'s read produced {\'read_raised\': "PreWriteRefusal: dataset \'dset1\' does not exist"}')
[2026-09-22T05:48:29.050794+00:00] Executing C04: Constant field statistics (f=2, V=3) on live COMSOL model...
[2026-09-22T05:48:29.050878+00:00] C04 (Constant Field Statistics): ✗ FAIL
[2026-09-22T05:48:29.050894+00:00]   Error: bound model 'reopen_c04' is unavailable
[2026-09-22T05:48:29.050924+00:00] Executing C05: Multi-dimensional and selection mapping on live COMSOL model...
[2026-09-22T05:48:29.050970+00:00] C05 (Multi-dimensional Support): ✗ FAIL
[2026-09-22T05:48:29.050986+00:00]   Error: bound model 'reopen_c05' is unavailable
[2026-09-22T05:48:29.051002+00:00] Executing C06: Non-uniform field analytic comparison (f=x+2y) on live COMSOL model...
[2026-09-22T05:48:29.051039+00:00] C06 (Non-Uniform Field): ✗ FAIL
[2026-09-22T05:48:29.051051+00:00]   Error: bound model 'reopen_c06' is unavailable
[2026-09-22T05:48:29.051065+00:00] Executing C07: Axisymmetric cylinder weighting (R=2, H=3) on live COMSOL model...
[2026-09-22T05:48:29.051094+00:00] C07 (Axisymmetric Cylinder): ✗ FAIL
[2026-09-22T05:48:29.051105+00:00]   Error: bound model 'reopen_c07' is unavailable
[2026-09-22T05:48:29.051136+00:00] Executing C08: Solution axis binding and multidimensional slicing on live transient model...
[2026-09-22T05:48:29.051209+00:00] C08 (Solution Axis Slicing): ✗ FAIL
[2026-09-22T05:48:29.051220+00:00]   Error: bound model 'reopen_b' is unavailable
[2026-09-22T05:48:29.051237+00:00] Executing C09: Complex field transformations on live COMSOL model...
[2026-09-22T05:48:29.051263+00:00] C09 (Complex Field Transformations): ✗ FAIL
[2026-09-22T05:48:29.051272+00:00]   Error: bound model 'reopen_c06' is unavailable
[2026-09-22T05:48:29.051283+00:00] Executing C10: Point coordinates unit scaling (m vs mm) on live COMSOL model...
[2026-09-22T05:48:29.055754+00:00] C10 error: Traceback (most recent call last):
  File "/Users/everwalker/Downloads/COMSOL_MCP_G3_3_WORKPACK/repository/comsol_mcp/_g2_engine.py", line 27, in _model
    return worker.client().model(model_tag)
           ^^^^^^^^^^^^^
AttributeError: 'NoneType' object has no attribute 'client'

The above exception was the direct cause of the following exception:

Traceback (most recent call last):
  File "/Users/everwalker/Downloads/COMSOL_MCP_G3_3_WORKPACK/repository/tests/run_g3_3_live_acceptance.py", line 2407, in run_c10
    pt_m = result_at_points(self.verifier_worker, "reopen_c06", {
        "spec": {"expressions": ["x + 2*y"], "solution": {"dataset": "dset1"}},
        "points": [[1.0, 1.5]],
        "coordinate_unit": "m",
    })
  File "/Users/everwalker/Downloads/COMSOL_MCP_G3_3_WORKPACK/repository/comsol_mcp/_g3_results.py", line 4667, in result_at_points
    model = bound_model(worker, model_tag)
  File "/Users/everwalker/Downloads/COMSOL_MCP_G3_3_WORKPACK/repository/comsol_mcp/_g3_common.py", line 714, in bound_model
    return _bound_model(worker, model_tag)
  File "/Users/everwalker/Downloads/COMSOL_MCP_G3_3_WORKPACK/repository/comsol_mcp/_g2_engine.py", line 29, in _model
    raise ExecutionContractError("NODE_NOT_FOUND", f"bound model {model_tag!r} is unavailable") from exc
comsol_mcp._execution_contract.ExecutionContractError: bound model 'reopen_c06' is unavailable

[2026-09-22T05:48:29.055826+00:00] C10 (Point Coordinates Scaling): ✗ FAIL
[2026-09-22T05:48:29.055846+00:00]   Error: bound model 'reopen_c06' is unavailable
[2026-09-22T05:48:29.055869+00:00] Executing C11: Dataset graph, CutPoint2D evaluation and cycle detection...
[2026-09-22T05:48:29.055893+00:00] C11 (Dataset Graph & CutPoint2D): ✗ FAIL
[2026-09-22T05:48:29.055905+00:00]   Error: 'NoneType' object has no attribute 'client'
[2026-09-22T05:48:29.055918+00:00] Executing C12: Export security and atomic failure rollback...
[2026-09-22T05:48:29.061967+00:00] C12 (Export Path Traversal Protection & Atomic Rollback): ✓ PASS
[2026-09-22T05:48:29.061986+00:00] Executing C13: Big array chunk streaming with SHA verification...
[2026-09-22T05:48:29.118066+00:00] C13 (Chunk Streaming): ✗ FAIL
[2026-09-22T05:48:29.118091+00:00]   Error: artifact operations require a trusted Worker project root; cwd is not an authorization source
[2026-09-22T05:48:29.118250+00:00] Executing C14: Model definitions probe and results separation on live COMSOL model...
[2026-09-22T05:48:29.118294+00:00] C14 (Probe Separation): ✗ FAIL
[2026-09-22T05:48:29.118300+00:00]   Error: bound model 'reopen_c06' is unavailable
[2026-09-22T05:48:29.118306+00:00] Executing C15: Idempotency, control responsiveness during a solve, stale references...
[2026-09-22T05:48:29.118326+00:00] C15 (Control Responsiveness): ✗ FAIL
[2026-09-22T05:48:29.118332+00:00]   Error: bound model 'reopen_c04' is unavailable
[2026-09-22T05:48:29.118339+00:00] Executing C16: packaging, dependency locks and wheel resources...
[2026-09-22T05:48:29.151488+00:00] C16 (Packaging & Dependencies Lock): ✓ PASS
[2026-09-22T05:48:29.151670+00:00] Executing C17: teardown and evidence finalization...
[2026-09-22T05:48:29.151687+00:00] Stopping isolated mphserver PID 86186...
[2026-09-22T05:48:30.285511+00:00] C17 (Teardown & Verification Ledger Finalization): ✓ PASS
[2026-09-22T05:48:30.285625+00:00] Suite completed in 29.09s
