[2026-09-22T05:49:38.562547+00:00] ================================================================
[2026-09-22T05:49:38.562590+00:00] Starting G3.3 Live Acceptance Suite (Run ID: frozen_19case_20260922T054938Z)
[2026-09-22T05:49:38.562599+00:00] ================================================================
[2026-09-22T05:49:38.692000+00:00] Source identity recorded: /Users/everwalker/Downloads/COMSOL_MCP_G3_3_WORKPACK/SOURCE_TREE_IDENTITY.json (commit 24dce36e2b32)
[2026-09-22T05:49:38.692028+00:00] Starting dedicated clean-room COMSOL mphserver...
[2026-09-22T05:49:41.752575+00:00] COMSOL mphserver PID 86692 listening on port 51610
[2026-09-22T05:49:41.752757+00:00] Executing C00: clean recovery, source binding and wheel out-of-tree verification...
[2026-09-22T05:49:45.176546+00:00] C00 (Clean Recovery, Source Binding & Wheel Verification): ✓ PASS
[2026-09-22T05:49:45.177241+00:00] Executing C01: Evidence correction verification...
[2026-09-22T05:49:45.180323+00:00] C01 (Evidence Correction & Ledger Auditing): ✓ PASS
[2026-09-22T05:49:45.180339+00:00] Executing C02: Dangerous states verification...
[2026-09-22T05:49:45.181826+00:00] C02 (Dangerous States & Safe Refusal): ✓ PASS
[2026-09-22T05:49:45.181839+00:00] Executing C03: Gate A live reopen verification on saved MPH artifacts...
[2026-09-22T05:49:46.319606+00:00]   Building Chain A (Stationary Heat Transfer)...
[2026-09-22T05:49:52.062295+00:00]   Building Chain B (Transient Heat Transfer)...
[2026-09-22T05:49:53.791371+00:00]   Building Chain C (Modified Continuation Model)...
[2026-09-22T05:49:55.290985+00:00]   Building BenchC04 (3D Block V=3)...
[2026-09-22T05:49:56.906476+00:00]   Building BenchC05 (Multi-Domain [0,1]x[0,2] and [1,3]x[0,2])...
[2026-09-22T05:49:58.102958+00:00]   Building BenchC06 (2D Rectangle [0,2]x[0,3])...
[2026-09-22T05:49:59.295880+00:00]   Building BenchC07 (2D Axisymmetric Cylinder R=2, H=3)...
[2026-09-22T05:50:00.966557+00:00]   Reopening identical artifacts in fresh worker without solving...
[2026-09-22T05:50:03.372079+00:00]   Loading benchmark models in verifier worker...
[2026-09-22T05:50:04.438450+00:00]   Running negative controls through verify_reopen...
[2026-09-22T05:50:06.076929+00:00] C03 (Gate A Reopen & Stored Solution Acceptance): ✓ PASS
[2026-09-22T05:50:06.076974+00:00] Executing C03R: independent re-solve and indistinguishability...
[2026-09-22T05:50:06.891373+00:00] C03R (Independent Re-solve & Indistinguishability): ✓ PASS
[2026-09-22T05:50:06.891507+00:00] Executing C04: Constant field statistics (f=2, V=3) on live COMSOL model...
[2026-09-22T05:50:07.205783+00:00] C04 (Constant Field Statistics): ✗ FAIL
[2026-09-22T05:50:07.205821+00:00]   Error: the average response must report its denominator, got [[[[2.999999999999969]]]]
[2026-09-22T05:50:07.205854+00:00] Executing C05: Multi-dimensional and selection mapping on live COMSOL model...
[2026-09-22T05:50:08.424591+00:00] C05 (Multi-dimensional Support): ✗ FAIL
[2026-09-22T05:50:08.424735+00:00]   Error: {"completed_at_ms": "1790056208036", "failure": {"code": "ENGINE_BUSY", "message": "another persistent worker owns this server endpoint", "ok": false}, "ok": false, "queued_at_ms": "1790056208027", "request_id": "wrk-e374f065-3fc6-44c6-9dcd-ac08b6f92ed6", "started_at_ms": "1790056208028", "status": "FAILED", "type": "connect"}
[2026-09-22T05:50:08.424931+00:00] Executing C06: Non-uniform field analytic comparison (f=x+2y) on live COMSOL model...
[2026-09-22T05:50:08.831153+00:00] C06 (Non-Uniform Field): ✗ FAIL
[2026-09-22T05:50:08.831198+00:00]   Error: C06: the average response must report its denominator, got [[[[6.000000000000018]]]]
[2026-09-22T05:50:08.831220+00:00] Executing C07: Axisymmetric cylinder weighting (R=2, H=3) on live COMSOL model...
[2026-09-22T05:50:08.973727+00:00] C07 (Axisymmetric Cylinder): ✗ FAIL
[2026-09-22T05:50:08.973770+00:00]   Error: C07: the axisymmetric response must report its revolved measure, got [[[[37.69911184307756]]]]
[2026-09-22T05:50:08.973824+00:00] Executing C08: Solution axis binding and multidimensional slicing on live transient model...
[2026-09-22T05:50:09.017805+00:00] C08 (Solution Axis Slicing): ✗ FAIL
[2026-09-22T05:50:09.017849+00:00]   Error: cannot resolve dataset tag from None
[2026-09-22T05:50:09.017871+00:00] Executing C09: Complex field transformations on live COMSOL model...
[2026-09-22T05:50:09.301189+00:00] C09 (Complex Field Transformations): ✗ FAIL
[2026-09-22T05:50:09.301227+00:00]   Error: list indices must be integers or slices, not str
[2026-09-22T05:50:09.301250+00:00] Executing C10: Point coordinates unit scaling (m vs mm) on live COMSOL model...
[2026-09-22T05:50:09.422498+00:00] C10 (Point Coordinates Scaling (m vs mm)): ✓ PASS
[2026-09-22T05:50:09.422547+00:00] Executing C11: Dataset graph, CutPoint2D evaluation and cycle detection...
[2026-09-22T05:50:09.500957+00:00] C11 (Dataset Dependency Graph & CutPoint2D): ✓ PASS
[2026-09-22T05:50:09.501003+00:00] Executing C12: Export security and atomic failure rollback...
[2026-09-22T05:50:09.505357+00:00] C12 (Export Path Traversal Protection & Atomic Rollback): ✓ PASS
[2026-09-22T05:50:09.505377+00:00] Executing C13: Big array chunk streaming with SHA verification...
[2026-09-22T05:50:09.552000+00:00] C13 (Chunk Streaming): ✗ FAIL
[2026-09-22T05:50:09.552020+00:00]   Error: Export destination '/Users/everwalker/Downloads/COMSOL_MCP_G3_3_WORKPACK/repository/g2_artifacts/results/result_ba987bfea16e4a1f8bc060ca3942df06.json' escapes authorized project root /Users/everwalker/Downloads/COMSOL_MCP_G3_3_WORKPACK/repository/evidence/phase4_3/runs/frozen_19case_20260922T054938Z
[2026-09-22T05:50:09.552179+00:00] Executing C14: Model definitions probe and results separation on live COMSOL model...
[2026-09-22T05:50:09.592065+00:00]   Verifying host dispatch path for probe operations...
[2026-09-22T05:50:09.627157+00:00] C14 (Probe Separation): ✗ FAIL
[2026-09-22T05:50:09.627196+00:00]   Error: {'probe.update': 'INVALID_REQUEST', 'probe.history': 'INVALID_REQUEST'}
[2026-09-22T05:50:09.627216+00:00] Executing C15: Idempotency, control responsiveness during a solve, stale references...
[2026-09-22T05:50:10.884679+00:00] C15 (Control Responsiveness): ✗ FAIL
[2026-09-22T05:50:10.884886+00:00]   Error: {"completed_at_ms": "1790056210492", "failure": {"code": "ENGINE_BUSY", "message": "another persistent worker owns this server endpoint", "ok": false}, "ok": false, "queued_at_ms": "1790056210477", "request_id": "wrk-f11c1d69-0418-4c75-960b-0171cba9070d", "started_at_ms": "1790056210479", "status": "FAILED", "type": "connect"}
[2026-09-22T05:50:10.885118+00:00] Executing C16: packaging, dependency locks and wheel resources...
[2026-09-22T05:50:10.938698+00:00] C16 (Packaging & Dependencies Lock): ✓ PASS
[2026-09-22T05:50:10.939113+00:00] Executing C17: teardown and evidence finalization...
[2026-09-22T05:50:11.411165+00:00] Stopping isolated mphserver PID 86692...
[2026-09-22T05:50:12.549769+00:00] C17 (Teardown & Verification Ledger Finalization): ✓ PASS
[2026-09-22T05:50:12.549901+00:00] Suite completed in 33.99s
