[2026-09-22T06:02:39.389321+00:00] ================================================================
[2026-09-22T06:02:39.389366+00:00] Starting G3.3 Live Acceptance Suite (Run ID: frozen_only_20260922T060239Z)
[2026-09-22T06:02:39.389375+00:00] ================================================================
[2026-09-22T06:02:39.531088+00:00] Source identity recorded: /Users/everwalker/Downloads/COMSOL_MCP_G3_3_WORKPACK/SOURCE_TREE_IDENTITY.json (commit 65d1c51c3d12)
[2026-09-22T06:02:39.531116+00:00] Starting dedicated clean-room COMSOL mphserver...
[2026-09-22T06:02:42.602233+00:00] COMSOL mphserver PID 90741 listening on port 64242
[2026-09-22T06:02:42.602499+00:00] Executing C03: Gate A live reopen verification on saved MPH artifacts...
[2026-09-22T06:02:43.778978+00:00]   Building Chain A (Stationary Heat Transfer)...
[2026-09-22T06:02:49.678498+00:00]   Building Chain B (Transient Heat Transfer)...
[2026-09-22T06:02:51.505250+00:00]   Building Chain C (Modified Continuation Model)...
[2026-09-22T06:02:53.117637+00:00]   Building BenchC04 (3D Block V=3)...
[2026-09-22T06:02:54.778370+00:00]   Building BenchC05 (Multi-Domain [0,1]x[0,2] and [1,3]x[0,2])...
[2026-09-22T06:02:55.950474+00:00]   Building BenchC06 (2D Rectangle [0,2]x[0,3])...
[2026-09-22T06:02:57.107470+00:00]   Building BenchC07 (2D Axisymmetric Cylinder R=2, H=3)...
[2026-09-22T06:02:58.655643+00:00]   Reopening identical artifacts in fresh worker without solving...
[2026-09-22T06:03:01.083006+00:00]   Loading benchmark models in verifier worker...
[2026-09-22T06:03:02.079165+00:00]   Running negative controls through verify_reopen...
[2026-09-22T06:03:03.712370+00:00] C03 (Gate A Reopen & Stored Solution Acceptance): ✓ PASS
[2026-09-22T06:03:03.712422+00:00] Executing C03R: independent re-solve and indistinguishability...
[2026-09-22T06:03:04.485584+00:00] C03R (Independent Re-solve & Indistinguishability): ✓ PASS
[2026-09-22T06:03:04.485775+00:00] Executing C05: Multi-dimensional and selection mapping on live COMSOL model...
[2026-09-22T06:03:07.753526+00:00] C05 (Multi-dimensional & Selection Support): ✓ PASS
[2026-09-22T06:03:07.753585+00:00] Executing C08: Solution axis binding and multidimensional slicing on live transient model...
[2026-09-22T06:03:08.281507+00:00] C08 (Solution Axis Slicing & Metadata): ✓ PASS
[2026-09-22T06:03:08.281565+00:00] Executing C09: Complex field transformations on live COMSOL model...
[2026-09-22T06:03:08.537094+00:00] C09 (Complex Field Transformations): ✓ PASS
[2026-09-22T06:03:08.537155+00:00] Executing C14: Model definitions probe and results separation on live COMSOL model...
[2026-09-22T06:03:08.575871+00:00]   Verifying host dispatch path for probe operations...
[2026-09-22T06:03:08.689904+00:00] C14 (Probe Separation): ✗ FAIL
[2026-09-22T06:03:08.690005+00:00]   Error: unsupported operand type(s) for -: 'dict' and 'float'
[2026-09-22T06:03:08.690124+00:00] Executing C15: Idempotency, control responsiveness during a solve, stale references...
[2026-09-22T06:03:14.580084+00:00] C15 (Idempotency & Control Responsiveness): ✓ PASS
[2026-09-22T06:03:14.580989+00:00] Stopping isolated mphserver PID 90741...
[2026-09-22T06:03:14.708716+00:00] Suite completed in 35.32s
