<frozen runpy>:128: RuntimeWarning: 'comsol_mcp.mcp_server' found in sys.modules after import of package 'comsol_mcp', but prior to execution of 'comsol_mcp.mcp_server'; this may result in unpredictable behaviour
[09/18/26 21:14:11] WARNING  Tool already exists: server_info tool_manager.py:70
                    WARNING  Tool already exists:             tool_manager.py:70
                             check_server_port                                  
                    WARNING  Tool already exists:             tool_manager.py:70
                             server_start                                       
                    WARNING  Tool already exists:             tool_manager.py:70
                             server_connect                                     
                    WARNING  Tool already exists:             tool_manager.py:70
                             server_disconnect                                  
                    WARNING  Tool already exists:             tool_manager.py:70
                             workflow_info                                      
                    WARNING  Tool already exists:             tool_manager.py:70
                             configure_single_main_workflow                     
                    WARNING  Tool already exists:             tool_manager.py:70
                             load_visible_main_model                            
                    WARNING  Tool already exists:             tool_manager.py:70
                             start_visible_main_workflow                        
                    WARNING  Tool already exists:             tool_manager.py:70
                             start_visible_main_workflow_asyn                   
                             c                                                  
                    WARNING  Tool already exists:             tool_manager.py:70
                             visible_main_workflow_status                       
                    WARNING  Tool already exists:             tool_manager.py:70
                             verify_visible_main_session                        
                    WARNING  Tool already exists:             tool_manager.py:70
                             unlock_visible_main                                
                    WARNING  Tool already exists:             tool_manager.py:70
                             mcp_tool_audit                                     
                    WARNING  Tool already exists: model_tree  tool_manager.py:70
                    WARNING  Tool already exists: run_study   tool_manager.py:70
                    WARNING  Tool already exists:             tool_manager.py:70
                             load_current_main_model                            
                    WARNING  Tool already exists:             tool_manager.py:70
                             model_create                                       
                    WARNING  Tool already exists: model_load  tool_manager.py:70
                    WARNING  Tool already exists:             tool_manager.py:70
                             prune_loaded_models                                
                    WARNING  Tool already exists:             tool_manager.py:70
                             get_parameters                                     
                    WARNING  Tool already exists:             tool_manager.py:70
                             evaluate_expressions                               
                    WARNING  Tool already exists:             tool_manager.py:70
                             get_core_metrics                                   
                    WARNING  Tool already exists:             tool_manager.py:70
                             set_parameters                                     
                    WARNING  Tool already exists:             tool_manager.py:70
                             ensure_component                                   
                    WARNING  Tool already exists:             tool_manager.py:70
                             ensure_geometry                                    
                    WARNING  Tool already exists: ensure_mesh tool_manager.py:70
                    WARNING  Tool already exists:             tool_manager.py:70
                             create_feature                                     
                    WARNING  Tool already exists:             tool_manager.py:70
                             update_feature                                     
                    WARNING  Tool already exists:             tool_manager.py:70
                             delete_feature                                     
                    WARNING  Tool already exists: run_feature tool_manager.py:70
                    WARNING  Tool already exists:             tool_manager.py:70
                             run_visible_main_iteration                         
                    WARNING  Tool already exists:             tool_manager.py:70
                             save_main_model_snapshot                           
                    WARNING  Tool already exists:             tool_manager.py:70
                             commit_current_main_model                          
                    WARNING  Tool already exists: save_model  tool_manager.py:70
                    WARNING  Tool already exists:             tool_manager.py:70
                             list_physics                                       
                    WARNING  Tool already exists:             tool_manager.py:70
                             create_physics                                     
                    WARNING  Tool already exists:             tool_manager.py:70
                             remove_physics                                     
                    WARNING  Tool already exists:             tool_manager.py:70
                             list_physics_features                              
                    WARNING  Tool already exists:             tool_manager.py:70
                             create_physics_feature                             
                    WARNING  Tool already exists:             tool_manager.py:70
                             update_physics_feature                             
                    WARNING  Tool already exists:             tool_manager.py:70
                             remove_physics_feature                             
                    WARNING  Tool already exists:             tool_manager.py:70
                             set_physics_selection                              
                    WARNING  Tool already exists:             tool_manager.py:70
                             manage_variables                                   
                    WARNING  Tool already exists:             tool_manager.py:70
                             list_solver_config                                 
                    WARNING  Tool already exists:             tool_manager.py:70
                             create_solver_config                               
                    WARNING  Tool already exists:             tool_manager.py:70
                             list_solver_features                               
                    WARNING  Tool already exists:             tool_manager.py:70
                             configure_solver                                   
                    WARNING  Tool already exists:             tool_manager.py:70
                             run_study_async                                    
                    WARNING  Tool already exists:             tool_manager.py:70
                             run_study_status                                   
                    WARNING  Tool already exists:             tool_manager.py:70
                             runtime_poc_v64                                    
                    WARNING  Tool already exists:             tool_manager.py:70
                             session_health                                     
                    WARNING  Tool already exists:             tool_manager.py:70
                             model_inspect                                      
                    WARNING  Tool already exists: model_adopt tool_manager.py:70
                    WARNING  Tool already exists: job_status  tool_manager.py:70
                    WARNING  Tool already exists: job_log     tool_manager.py:70
                    WARNING  Tool already exists: job_result  tool_manager.py:70
                    WARNING  Tool already exists:             tool_manager.py:70
                             job_reconcile                                      
                    INFO     Processing request of type            server.py:733
                             CallToolRequest                                    
[09/18/26 21:14:26] INFO     Processing request of type            server.py:733
                             CallToolRequest                                    
