[2026-09-22T00:03:20.610270+00:00] ================================================================
[2026-09-22T00:03:20.610307+00:00] Starting G3.3 Live Acceptance Suite (Run ID: live_acceptance_20260922T000320Z)
[2026-09-22T00:03:20.610316+00:00] ================================================================
[2026-09-22T00:03:20.610323+00:00] Starting dedicated clean-room COMSOL mphserver...
[2026-09-22T00:03:23.381934+00:00] COMSOL mphserver PID 41274 listening on port 62338
[2026-09-22T00:03:23.382107+00:00] Executing C00: clean recovery, source binding and wheel out-of-tree verification...
[2026-09-22T00:03:26.379912+00:00] C00 (Clean Recovery, Source Binding & Wheel Verification): ✓ PASS
[2026-09-22T00:03:26.380474+00:00] Executing C01: Evidence correction verification...
[2026-09-22T00:03:26.381860+00:00] C01 (Evidence Correction & Ledger Auditing): ✓ PASS
[2026-09-22T00:03:26.381878+00:00] Executing C02: Dangerous states verification...
[2026-09-22T00:03:26.383268+00:00] C02 (Dangerous States & Safe Refusal): ✓ PASS
[2026-09-22T00:03:26.383282+00:00] Executing C03: Gate A live reopen verification on saved MPH artifacts...
[2026-09-22T00:03:27.495607+00:00]   Building Chain A (Stationary Heat Transfer)...
[2026-09-22T00:03:32.639840+00:00]   Building Chain B (Transient Heat Transfer)...
[2026-09-22T00:03:34.350410+00:00]   Building Chain C (Modified Continuation Model)...
[2026-09-22T00:03:35.753794+00:00]   Building BenchC04 (3D Block V=3)...
[2026-09-22T00:03:37.142003+00:00]   Building BenchC05 (Multi-Domain [0,1]x[0,2] and [1,3]x[0,2])...
[2026-09-22T00:03:38.202805+00:00]   Building BenchC06 (2D Rectangle [0,2]x[0,3])...
[2026-09-22T00:03:39.311085+00:00]   Building BenchC07 (2D Axisymmetric Cylinder R=2, H=3)...
[2026-09-22T00:03:40.879926+00:00]   Reopening identical artifacts in fresh worker without solving...
[2026-09-22T00:03:42.803709+00:00]   Loading benchmark models in verifier worker...
[2026-09-22T00:03:43.717683+00:00]   Running negative controls through verify_reopen...
[2026-09-22T00:03:43.737167+00:00] C03 (Gate A Reopen & Stored Solution Acceptance): ✓ PASS
[2026-09-22T00:03:43.737213+00:00] Executing C03R: independent re-solve and indistinguishability...
[2026-09-22T00:03:44.505424+00:00] C03R (Independent Re-solve & Indistinguishability): ✓ PASS
[2026-09-22T00:03:44.505560+00:00] Executing C04: Constant field statistics (f=2, V=3) on live COMSOL model...
[2026-09-22T00:03:44.803033+00:00] C04 (Constant Field Statistics (f=2, V=3)): ✓ PASS
[2026-09-22T00:03:44.803083+00:00] Executing C05: Multi-dimensional and selection mapping on live COMSOL model...
[2026-09-22T00:03:44.897470+00:00] C05 (Multi-dimensional & Selection Support): ✓ PASS
[2026-09-22T00:03:44.897527+00:00] Executing C06: Non-uniform field analytic comparison (f=x+2y) on live COMSOL model...
[2026-09-22T00:03:45.098742+00:00] C06 (Non-Uniform Field Analytical Verification): ✓ PASS
[2026-09-22T00:03:45.098809+00:00] Executing C07: Axisymmetric cylinder weighting (R=2, H=3) on live COMSOL model...
[2026-09-22T00:03:45.205458+00:00] C07 (Axisymmetric Cylinder Verification): ✓ PASS
[2026-09-22T00:03:45.205513+00:00] Executing C08: Solution axis binding and multidimensional slicing on live transient model...
[2026-09-22T00:03:45.226637+00:00] C08 (Solution Axis Slicing & Metadata): ✓ PASS
[2026-09-22T00:03:45.226710+00:00] Executing C09: Complex field transformations on live COMSOL model...
[2026-09-22T00:03:45.410636+00:00] C09 (Complex Field Transformations): ✓ PASS
[2026-09-22T00:03:45.410688+00:00] Executing C10: Point coordinates unit scaling (m vs mm) on live COMSOL model...
[2026-09-22T00:03:45.465892+00:00] C10 (Point Coordinates Scaling (m vs mm)): ✓ PASS
[2026-09-22T00:03:45.465939+00:00] Executing C11: Dataset graph, CutPoint2D evaluation and cycle detection...
[2026-09-22T00:03:45.522312+00:00] C11 (Dataset Dependency Graph & CutPoint2D): ✓ PASS
[2026-09-22T00:03:45.522362+00:00] Executing C12: Export security and atomic failure rollback...
[2026-09-22T00:03:45.524379+00:00] C12 (Export Path Traversal Protection & Atomic Rollback): ✓ PASS
[2026-09-22T00:03:45.524403+00:00] Executing C13: Big array chunk streaming with SHA verification...
[2026-09-22T00:03:45.524623+00:00] C13 (Chunk Streaming & Bounded Memory): ✓ PASS
[2026-09-22T00:03:45.524637+00:00] Executing C14: Model definitions probe and results separation on live COMSOL model...
[2026-09-22T00:03:45.556492+00:00]   Verifying host dispatch path for probe operations...
[2026-09-22T00:03:45.619010+00:00] C14 (Definitions Probe vs Derived Values Separation & Table Management): ✓ PASS
[2026-09-22T00:03:45.619051+00:00] Executing C15: Idempotency and control plane responsiveness...
[2026-09-22T00:03:46.691337+00:00] C15 (Idempotency & Control Responsiveness): ✓ PASS
[2026-09-22T00:03:46.691571+00:00] Executing C16: packaging, dependency locks and wheel resources...
[2026-09-22T00:03:46.705370+00:00] C16 (Packaging & Dependencies Lock): ✓ PASS
[2026-09-22T00:03:46.706157+00:00] Executing C17: teardown and evidence finalization...
[2026-09-22T00:03:47.210038+00:00] Stopping isolated mphserver PID 41274...
[2026-09-22T00:03:48.359993+00:00] C17 (Teardown & Verification Ledger Finalization): ✓ PASS
[2026-09-22T00:03:48.360134+00:00] Suite completed in 27.75s
