[2026-09-22T05:46:16.935157+00:00] ================================================================
[2026-09-22T05:46:16.935196+00:00] Starting G3.3 Live Acceptance Suite (Run ID: frozen_19case_20260922T054616Z)
[2026-09-22T05:46:16.935205+00:00] ================================================================
[2026-09-22T05:46:17.100186+00:00] Source identity recorded: /Users/everwalker/Downloads/COMSOL_MCP_G3_3_WORKPACK/SOURCE_TREE_IDENTITY.json (commit cccf32e55c56)
[2026-09-22T05:46:17.100209+00:00] Starting dedicated clean-room COMSOL mphserver...
[2026-09-22T05:46:20.168092+00:00] COMSOL mphserver PID 85650 listening on port 50557
[2026-09-22T05:46:20.168285+00:00] Executing C00: clean recovery, source binding and wheel out-of-tree verification...
[2026-09-22T05:46:20.331682+00:00] C00 (Clean Recovery): ✗ FAIL
[2026-09-22T05:46:20.331724+00:00]   Error: C00 requires a committed source tree: the acceptance ledger has to be bound to a commit, but these tracked paths are modified: ['evidence/phase4_3_acceptance.json', 'evidence/w17_correction.json', 'tests/run_g3_3_live_acceptance.py']
[2026-09-22T05:46:20.331742+00:00] Executing C01: Evidence correction verification...
[2026-09-22T05:46:20.333034+00:00] C01 (Evidence Correction & Ledger Auditing): ✓ PASS
[2026-09-22T05:46:20.333047+00:00] Executing C02: Dangerous states verification...
[2026-09-22T05:46:20.335093+00:00] C02 (Dangerous States & Safe Refusal): ✓ PASS
[2026-09-22T05:46:20.335105+00:00] Executing C03: Gate A live reopen verification on saved MPH artifacts...
[2026-09-22T05:46:21.535366+00:00]   Building Chain A (Stationary Heat Transfer)...
[2026-09-22T05:46:27.352226+00:00]   Building Chain B (Transient Heat Transfer)...
[2026-09-22T05:46:29.135278+00:00]   Building Chain C (Modified Continuation Model)...
[2026-09-22T05:46:30.659290+00:00]   Building BenchC04 (3D Block V=3)...
[2026-09-22T05:46:32.200827+00:00]   Building BenchC05 (Multi-Domain [0,1]x[0,2] and [1,3]x[0,2])...
[2026-09-22T05:46:33.280767+00:00]   Building BenchC06 (2D Rectangle [0,2]x[0,3])...
[2026-09-22T05:46:34.368234+00:00]   Building BenchC07 (2D Axisymmetric Cylinder R=2, H=3)...
[2026-09-22T05:46:36.004122+00:00]   Reopening identical artifacts in fresh worker without solving...
[2026-09-22T05:46:38.014265+00:00] C03 aborted: TypeError: unsupported operand type(s) for -: 'list' and 'float'
[2026-09-22T05:46:38.019543+00:00] C03 (C03 (aborted before recording)): ✗ FAIL
[2026-09-22T05:46:38.019598+00:00]   Error: TypeError: unsupported operand type(s) for -: 'list' and 'float'
[2026-09-22T05:46:38.019920+00:00] Executing C04: Constant field statistics (f=2, V=3) on live COMSOL model...
[2026-09-22T05:46:38.020029+00:00] C04 (Constant Field Statistics): ✗ FAIL
[2026-09-22T05:46:38.020047+00:00]   Error: bound model 'reopen_c04' is unavailable
[2026-09-22T05:46:38.020077+00:00] Executing C05: Multi-dimensional and selection mapping on live COMSOL model...
[2026-09-22T05:46:38.020125+00:00] C05 (Multi-dimensional Support): ✗ FAIL
[2026-09-22T05:46:38.020140+00:00]   Error: bound model 'reopen_c05' is unavailable
[2026-09-22T05:46:38.020159+00:00] Executing C06: Non-uniform field analytic comparison (f=x+2y) on live COMSOL model...
[2026-09-22T05:46:38.020199+00:00] C06 (Non-Uniform Field): ✗ FAIL
[2026-09-22T05:46:38.020214+00:00]   Error: bound model 'reopen_c06' is unavailable
[2026-09-22T05:46:38.020231+00:00] Executing C07: Axisymmetric cylinder weighting (R=2, H=3) on live COMSOL model...
[2026-09-22T05:46:38.020271+00:00] C07 (Axisymmetric Cylinder): ✗ FAIL
[2026-09-22T05:46:38.020284+00:00]   Error: bound model 'reopen_c07' is unavailable
[2026-09-22T05:46:38.020303+00:00] Executing C08: Solution axis binding and multidimensional slicing on live transient model...
[2026-09-22T05:46:38.020362+00:00] C08 (Solution Axis Slicing): ✗ FAIL
[2026-09-22T05:46:38.020376+00:00]   Error: bound model 'reopen_b' is unavailable
[2026-09-22T05:46:38.020442+00:00] Executing C09: Complex field transformations on live COMSOL model...
[2026-09-22T05:46:38.020487+00:00] C09 (Complex Field Transformations): ✗ FAIL
[2026-09-22T05:46:38.020502+00:00]   Error: bound model 'reopen_c06' is unavailable
[2026-09-22T05:46:38.020518+00:00] Executing C10: Point coordinates unit scaling (m vs mm) on live COMSOL model...
[2026-09-22T05:46:38.025471+00:00] C10 error: Traceback (most recent call last):
  File "/Users/everwalker/Downloads/COMSOL_MCP_G3_3_WORKPACK/repository/comsol_mcp/_g2_engine.py", line 27, in _model
    return worker.client().model(model_tag)
           ^^^^^^^^^^^^^
AttributeError: 'NoneType' object has no attribute 'client'

The above exception was the direct cause of the following exception:

Traceback (most recent call last):
  File "/Users/everwalker/Downloads/COMSOL_MCP_G3_3_WORKPACK/repository/tests/run_g3_3_live_acceptance.py", line 2402, in run_c10
    pt_m = result_at_points(self.verifier_worker, "reopen_c06", {
        "spec": {"expressions": ["x + 2*y"], "solution": {"dataset": "dset1"}},
        "points": [[1.0, 1.5]],
        "coordinate_unit": "m",
    })
  File "/Users/everwalker/Downloads/COMSOL_MCP_G3_3_WORKPACK/repository/comsol_mcp/_g3_results.py", line 4667, in result_at_points
    model = bound_model(worker, model_tag)
  File "/Users/everwalker/Downloads/COMSOL_MCP_G3_3_WORKPACK/repository/comsol_mcp/_g3_common.py", line 714, in bound_model
    return _bound_model(worker, model_tag)
  File "/Users/everwalker/Downloads/COMSOL_MCP_G3_3_WORKPACK/repository/comsol_mcp/_g2_engine.py", line 29, in _model
    raise ExecutionContractError("NODE_NOT_FOUND", f"bound model {model_tag!r} is unavailable") from exc
comsol_mcp._execution_contract.ExecutionContractError: bound model 'reopen_c06' is unavailable

[2026-09-22T05:46:38.025570+00:00] C10 (Point Coordinates Scaling): ✗ FAIL
[2026-09-22T05:46:38.025594+00:00]   Error: bound model 'reopen_c06' is unavailable
[2026-09-22T05:46:38.025619+00:00] Executing C11: Dataset graph, CutPoint2D evaluation and cycle detection...
[2026-09-22T05:46:38.025646+00:00] C11 (Dataset Graph & CutPoint2D): ✗ FAIL
[2026-09-22T05:46:38.025660+00:00]   Error: 'NoneType' object has no attribute 'client'
[2026-09-22T05:46:38.025675+00:00] Executing C12: Export security and atomic failure rollback...
[2026-09-22T05:46:38.032627+00:00] C12 (Export Path Traversal Protection & Atomic Rollback): ✓ PASS
[2026-09-22T05:46:38.032652+00:00] Executing C13: Big array chunk streaming with SHA verification...
[2026-09-22T05:46:38.092205+00:00] C13 (Chunk Streaming): ✗ FAIL
[2026-09-22T05:46:38.092236+00:00]   Error: artifact operations require a trusted Worker project root; cwd is not an authorization source
[2026-09-22T05:46:38.092400+00:00] Executing C14: Model definitions probe and results separation on live COMSOL model...
[2026-09-22T05:46:38.092450+00:00] C14 (Probe Separation): ✗ FAIL
[2026-09-22T05:46:38.092456+00:00]   Error: bound model 'reopen_c06' is unavailable
[2026-09-22T05:46:38.092463+00:00] Executing C15: Idempotency, control responsiveness during a solve, stale references...
[2026-09-22T05:46:38.092485+00:00] C15 (Control Responsiveness): ✗ FAIL
[2026-09-22T05:46:38.092490+00:00]   Error: bound model 'reopen_c04' is unavailable
[2026-09-22T05:46:38.092497+00:00] Executing C16: packaging, dependency locks and wheel resources...
[2026-09-22T05:46:39.716973+00:00] C16 (Packaging & Dependencies Lock): ✓ PASS
[2026-09-22T05:46:39.717127+00:00] Executing C17: teardown and evidence finalization...
[2026-09-22T05:46:39.717142+00:00] Stopping isolated mphserver PID 85650...
[2026-09-22T05:46:40.853638+00:00] C17 (Teardown & Verification Ledger Finalization): ✓ PASS
[2026-09-22T05:46:40.853778+00:00] Suite completed in 23.92s
