[2026-09-22T00:50:50.877996+00:00] ================================================================
[2026-09-22T00:50:50.878046+00:00] Starting G3.3 Live Acceptance Suite (Run ID: independent_live_baseline_20260922T0052Z)
[2026-09-22T00:50:50.878055+00:00] ================================================================
[2026-09-22T00:50:51.019385+00:00] Source identity recorded: /Users/everwalker/Downloads/COMSOL_MCP_G3_3_WORKPACK/SOURCE_TREE_IDENTITY.json (commit e14c946616f1)
[2026-09-22T00:50:51.019413+00:00] Starting dedicated clean-room COMSOL mphserver...
[2026-09-22T00:50:51.048661+00:00] Pre-existing mphserver PID(s) that must survive this run: [5014, 5087]
[2026-09-22T00:50:54.994715+00:00] COMSOL mphserver PID 59996 listening on port 52970
[2026-09-22T00:50:54.994818+00:00] Executing C00: clean recovery, source binding and wheel out-of-tree verification...
[2026-09-22T00:50:55.108283+00:00] C00 (Clean Recovery): ✗ FAIL
[2026-09-22T00:50:55.108326+00:00]   Error: C00 requires a committed source tree: the acceptance ledger has to be bound to a commit, but these tracked paths are modified: ['evidence/phase4_3_acceptance.json']
[2026-09-22T00:50:55.108347+00:00] Executing C01: Evidence correction verification...
[2026-09-22T00:50:55.109805+00:00] C01 (Evidence Correction & Ledger Auditing): ✓ PASS
[2026-09-22T00:50:55.109827+00:00] Executing C02: Dangerous states verification...
[2026-09-22T00:50:55.112471+00:00] C02 (Dangerous States & Safe Refusal): ✓ PASS
[2026-09-22T00:50:55.112490+00:00] Executing C03: Gate A live reopen verification on saved MPH artifacts...
[2026-09-22T00:50:56.462582+00:00]   Building Chain A (Stationary Heat Transfer)...
[2026-09-22T00:51:03.353186+00:00]   Building Chain B (Transient Heat Transfer)...
[2026-09-22T00:51:05.345261+00:00]   Building Chain C (Modified Continuation Model)...
[2026-09-22T00:51:07.003477+00:00]   Building BenchC04 (3D Block V=3)...
[2026-09-22T00:51:08.622222+00:00]   Building BenchC05 (Multi-Domain [0,1]x[0,2] and [1,3]x[0,2])...
[2026-09-22T00:51:10.111480+00:00]   Building BenchC06 (2D Rectangle [0,2]x[0,3])...
[2026-09-22T00:51:11.534456+00:00]   Building BenchC07 (2D Axisymmetric Cylinder R=2, H=3)...
[2026-09-22T00:51:13.137420+00:00]   Reopening identical artifacts in fresh worker without solving...
[2026-09-22T00:51:15.440465+00:00]   Loading benchmark models in verifier worker...
[2026-09-22T00:51:16.566604+00:00]   Running negative controls through verify_reopen...
[2026-09-22T00:51:17.512184+00:00] C03 aborted: AssertionError: ('STORED_VALUE_MISMATCH', "Value for 'T_x0250' deviated: expected 323.15, got 308.1500000000069 (abs_diff=1.500000e+01 > 0.001, rel_diff=4.641807e-02 > None)", "the cleared artifact's read produced {'read_returned_raw': [[[308.1500000000069]]], 'read_returned_flat': [308.1500000000069], 'status': {'ok': True, 'engine_error': None, 'cleanup_failed': False}}")
[2026-09-22T00:51:17.517218+00:00] C03 (C03 (aborted before recording)): ✗ FAIL
[2026-09-22T00:51:17.517257+00:00]   Error: AssertionError: ('STORED_VALUE_MISMATCH', "Value for 'T_x0250' deviated: expected 323.15, got 308.1500000000069 (abs_diff=1.500000e+01 > 0.001, rel_diff=4.641807e-02 > None)", "the cleared artifact's read produced {'read_returned_raw': [[[308.1500000000069]]], 'read_returned_flat': [308.1500000000069], 'status': {'ok': True, 'engine_error': None, 'cleanup_failed': False}}")
[2026-09-22T00:51:17.517450+00:00] Executing C04: Constant field statistics (f=2, V=3) on live COMSOL model...
[2026-09-22T00:51:17.517513+00:00] C04 (Constant Field Statistics): ✗ FAIL
[2026-09-22T00:51:17.517527+00:00]   Error: bound model 'reopen_c04' is unavailable
[2026-09-22T00:51:17.517547+00:00] Executing C05: Multi-dimensional and selection mapping on live COMSOL model...
[2026-09-22T00:51:17.517582+00:00] C05 (Multi-dimensional Support): ✗ FAIL
[2026-09-22T00:51:17.517613+00:00]   Error: bound model 'reopen_c05' is unavailable
[2026-09-22T00:51:17.517626+00:00] Executing C06: Non-uniform field analytic comparison (f=x+2y) on live COMSOL model...
[2026-09-22T00:51:17.517652+00:00] C06 (Non-Uniform Field): ✗ FAIL
[2026-09-22T00:51:17.517662+00:00]   Error: bound model 'reopen_c06' is unavailable
[2026-09-22T00:51:17.517672+00:00] Executing C07: Axisymmetric cylinder weighting (R=2, H=3) on live COMSOL model...
[2026-09-22T00:51:17.517694+00:00] C07 (Axisymmetric Cylinder): ✗ FAIL
[2026-09-22T00:51:17.517703+00:00]   Error: bound model 'reopen_c07' is unavailable
[2026-09-22T00:51:17.517715+00:00] Executing C08: Solution axis binding and multidimensional slicing on live transient model...
[2026-09-22T00:51:17.517752+00:00] C08 (Solution Axis Slicing): ✗ FAIL
[2026-09-22T00:51:17.517761+00:00]   Error: bound model 'reopen_b' is unavailable
[2026-09-22T00:51:17.517774+00:00] Executing C09: Complex field transformations on live COMSOL model...
[2026-09-22T00:51:17.517797+00:00] C09 (Complex Field Transformations): ✗ FAIL
[2026-09-22T00:51:17.517805+00:00]   Error: bound model 'reopen_c06' is unavailable
[2026-09-22T00:51:17.517816+00:00] Executing C10: Point coordinates unit scaling (m vs mm) on live COMSOL model...
[2026-09-22T00:51:17.519732+00:00] C10 error: Traceback (most recent call last):
  File "/Users/everwalker/Downloads/COMSOL_MCP_G3_3_WORKPACK/repository/comsol_mcp/_g2_engine.py", line 27, in _model
    return worker.client().model(model_tag)
           ^^^^^^^^^^^^^
AttributeError: 'NoneType' object has no attribute 'client'

The above exception was the direct cause of the following exception:

Traceback (most recent call last):
  File "/Users/everwalker/Downloads/COMSOL_MCP_G3_3_WORKPACK/repository/tests/run_g3_3_live_acceptance.py", line 2394, in run_c10
    pt_m = result_at_points(self.verifier_worker, "reopen_c06", {
        "spec": {"expressions": ["x + 2*y"], "solution": {"dataset": "dset1"}},
        "points": [[1.0, 1.5]],
        "coordinate_unit": "m",
    })
  File "/Users/everwalker/Downloads/COMSOL_MCP_G3_3_WORKPACK/repository/comsol_mcp/_g3_results.py", line 2541, in result_at_points
    model = bound_model(worker, model_tag)
  File "/Users/everwalker/Downloads/COMSOL_MCP_G3_3_WORKPACK/repository/comsol_mcp/_g3_common.py", line 713, in bound_model
    return _bound_model(worker, model_tag)
  File "/Users/everwalker/Downloads/COMSOL_MCP_G3_3_WORKPACK/repository/comsol_mcp/_g2_engine.py", line 29, in _model
    raise ExecutionContractError("NODE_NOT_FOUND", f"bound model {model_tag!r} is unavailable") from exc
comsol_mcp._execution_contract.ExecutionContractError: bound model 'reopen_c06' is unavailable

[2026-09-22T00:51:17.519756+00:00] C10 (Point Coordinates Scaling): ✗ FAIL
[2026-09-22T00:51:17.519765+00:00]   Error: bound model 'reopen_c06' is unavailable
[2026-09-22T00:51:17.519776+00:00] Executing C11: Dataset graph, CutPoint2D evaluation and cycle detection...
[2026-09-22T00:51:17.519788+00:00] C11 (Dataset Graph & CutPoint2D): ✗ FAIL
[2026-09-22T00:51:17.519795+00:00]   Error: 'NoneType' object has no attribute 'client'
[2026-09-22T00:51:17.519803+00:00] Executing C12: Export security and atomic failure rollback...
[2026-09-22T00:51:17.524359+00:00] C12 (Export Security): ✗ FAIL
[2026-09-22T00:51:17.524371+00:00]   Error: /Users/everwalker/Downloads/COMSOL_MCP_G3_3_WORKPACK/g2_artifacts/results/result_c12_5f7df525.json
[2026-09-22T00:51:17.524389+00:00] Executing C13: Big array chunk streaming with SHA verification...
[2026-09-22T00:51:17.545407+00:00] C13 (Chunk Streaming): ✗ FAIL
[2026-09-22T00:51:17.545428+00:00]   Error: /Users/everwalker/Downloads/COMSOL_MCP_G3_3_WORKPACK/g2_artifacts/results/result_c13_b7350549.json is not inside /Users/everwalker/Downloads/COMSOL_MCP_G3_3_WORKPACK/repository
[2026-09-22T00:51:17.545664+00:00] Executing C14: Model definitions probe and results separation on live COMSOL model...
[2026-09-22T00:51:17.545730+00:00] C14 (Probe Separation): ✗ FAIL
[2026-09-22T00:51:17.545740+00:00]   Error: bound model 'reopen_c06' is unavailable
[2026-09-22T00:51:17.545760+00:00] Executing C15: Idempotency, control responsiveness during a solve, stale references...
[2026-09-22T00:51:17.545793+00:00] C15 (Control Responsiveness): ✗ FAIL
[2026-09-22T00:51:17.545801+00:00]   Error: bound model 'reopen_c04' is unavailable
[2026-09-22T00:51:17.545811+00:00] Executing C16: packaging, dependency locks and wheel resources...
[2026-09-22T00:51:19.558273+00:00] C16 (Packaging & Dependencies Lock): ✓ PASS
[2026-09-22T00:51:19.558469+00:00] Executing C17: teardown and evidence finalization...
[2026-09-22T00:51:19.558492+00:00] Stopping isolated mphserver PID 59996...
[2026-09-22T00:51:20.686924+00:00] C17 (Teardown & Verification Ledger Finalization): ✓ PASS
[2026-09-22T00:51:20.687039+00:00] Suite completed in 29.81s
