[2026-09-22T07:06:42.025831+00:00] ================================================================
[2026-09-22T07:06:42.025850+00:00] Starting G3.3 Live Acceptance Suite (Run ID: live_acceptance_20260922T070642Z)
[2026-09-22T07:06:42.025856+00:00] ================================================================
[2026-09-22T07:06:42.174904+00:00] Source identity recorded: /Users/everwalker/Downloads/COMSOL_MCP_G3_3_WORKPACK/SOURCE_TREE_IDENTITY.json (commit 4ab33bb1abd6)
[2026-09-22T07:06:42.174923+00:00] Starting dedicated clean-room COMSOL mphserver...
[2026-09-22T07:06:44.932832+00:00] COMSOL mphserver PID 6712 listening on port 50874
[2026-09-22T07:06:44.933011+00:00] Executing C00: clean recovery, source binding and wheel out-of-tree verification...
[2026-09-22T07:06:48.346643+00:00] C00 (Clean Recovery, Source Binding & Wheel Verification): ✓ PASS
[2026-09-22T07:06:48.347226+00:00] Executing C01: Evidence correction verification...
[2026-09-22T07:06:48.348391+00:00] C01 (Evidence Correction & Ledger Auditing): ✓ PASS
[2026-09-22T07:06:48.348405+00:00] Executing C02: Dangerous states verification...
[2026-09-22T07:06:48.350278+00:00] C02 (Dangerous States & Safe Refusal): ✓ PASS
[2026-09-22T07:06:48.350295+00:00] Executing C03: Gate A live reopen verification on saved MPH artifacts...
[2026-09-22T07:06:49.376687+00:00]   Building Chain A (Stationary Heat Transfer)...
[2026-09-22T07:06:54.681985+00:00]   Building Chain B (Transient Heat Transfer)...
[2026-09-22T07:06:56.401153+00:00]   Building Chain C (Modified Continuation Model)...
[2026-09-22T07:06:57.834927+00:00]   Building BenchC04 (3D Block V=3)...
[2026-09-22T07:06:59.216460+00:00]   Building BenchC05 (Multi-Domain [0,1]x[0,2] and [1,3]x[0,2])...
[2026-09-22T07:07:00.471176+00:00]   Building BenchC06 (2D Rectangle [0,2]x[0,3])...
[2026-09-22T07:07:01.553315+00:00]   Building BenchC07 (2D Axisymmetric Cylinder R=2, H=3)...
[2026-09-22T07:07:03.195326+00:00]   Reopening identical artifacts in fresh worker without solving...
[2026-09-22T07:07:05.470291+00:00]   Loading benchmark models in verifier worker...
[2026-09-22T07:07:06.424737+00:00]   Running negative controls through verify_reopen...
[2026-09-22T07:07:07.904046+00:00] C03 (Gate A Reopen & Stored Solution Acceptance): ✓ PASS
[2026-09-22T07:07:07.904065+00:00] Executing C03R: independent re-solve and indistinguishability...
[2026-09-22T07:07:08.601675+00:00] C03R (Independent Re-solve & Indistinguishability): ✓ PASS
[2026-09-22T07:07:08.601824+00:00] Executing C04: Constant field statistics (f=2, V=3) on live COMSOL model...
[2026-09-22T07:07:08.888917+00:00] C04 (Constant Field Statistics (f=2, V=3)): ✓ PASS
[2026-09-22T07:07:08.888950+00:00] Executing C05: Multi-dimensional and selection mapping on live COMSOL model...
[2026-09-22T07:07:11.714569+00:00] C05 (Multi-dimensional & Selection Support): ✓ PASS
[2026-09-22T07:07:11.714612+00:00] Executing C06: Non-uniform field analytic comparison (f=x+2y) on live COMSOL model...
[2026-09-22T07:07:11.900762+00:00] C06 (Non-Uniform Field Analytical Verification): ✓ PASS
[2026-09-22T07:07:11.900803+00:00] Executing C07: Axisymmetric cylinder weighting (R=2, H=3) on live COMSOL model...
[2026-09-22T07:07:12.101747+00:00] C07 (Axisymmetric Cylinder Verification): ✓ PASS
[2026-09-22T07:07:12.101776+00:00] Executing C08: Solution axis binding and multidimensional slicing on live transient model...
[2026-09-22T07:07:12.433540+00:00] C08 (Solution Axis Slicing & Metadata): ✓ PASS
[2026-09-22T07:07:12.433577+00:00] Executing C09: Complex field transformations on live COMSOL model...
[2026-09-22T07:07:12.645276+00:00] C09 (Complex Field Transformations): ✓ PASS
[2026-09-22T07:07:12.645311+00:00] Executing C10: Point coordinates unit scaling (m vs mm) on live COMSOL model...
[2026-09-22T07:07:12.732615+00:00] C10 (Point Coordinates Scaling (m vs mm)): ✓ PASS
[2026-09-22T07:07:12.732653+00:00] Executing C11: Dataset graph, CutPoint2D evaluation and cycle detection...
[2026-09-22T07:07:12.818092+00:00] C11 (Dataset Dependency Graph & CutPoint2D): ✓ PASS
[2026-09-22T07:07:12.818116+00:00] Executing C12: Export security and atomic failure rollback...
[2026-09-22T07:07:12.823416+00:00] C12 (Export Path Traversal Protection & Atomic Rollback): ✓ PASS
[2026-09-22T07:07:12.823437+00:00] Executing C13: Big array chunk streaming with SHA verification...
[2026-09-22T07:07:14.679193+00:00] C13 (Chunk Streaming & Bounded Memory): ✓ PASS
[2026-09-22T07:07:14.679430+00:00] Executing C14: Model definitions probe and results separation on live COMSOL model...
[2026-09-22T07:07:14.722332+00:00]   Verifying host dispatch path for probe operations...
[2026-09-22T07:07:14.834775+00:00] C14 (Definitions Probe vs Derived Values Separation & Table Management): ✓ PASS
[2026-09-22T07:07:14.834821+00:00] Executing C15: Idempotency, control responsiveness during a solve, stale references...
[2026-09-22T07:07:20.231632+00:00] C15 (Idempotency & Control Responsiveness): ✓ PASS
[2026-09-22T07:07:20.233319+00:00] Executing C16: packaging, dependency locks and wheel resources...
[2026-09-22T07:07:20.284169+00:00] C16 (Packaging & Dependencies Lock): ✓ PASS
[2026-09-22T07:07:20.284354+00:00] Executing C17: teardown and evidence finalization...
[2026-09-22T07:07:20.284366+00:00] Stopping isolated mphserver PID 6712...
[2026-09-22T07:07:21.422262+00:00] C17 (Teardown & Verification Ledger Finalization): ✓ PASS
[2026-09-22T07:07:21.422373+00:00] Suite completed in 39.40s
