[2026-09-22T00:36:30.312589+00:00] ================================================================
[2026-09-22T00:36:30.312603+00:00] Starting G3.3 Live Acceptance Suite (Run ID: live_acceptance_20260922T003630Z)
[2026-09-22T00:36:30.312611+00:00] ================================================================
[2026-09-22T00:36:30.494178+00:00] Source identity recorded: /Users/everwalker/Downloads/COMSOL_MCP_G3_3_WORKPACK/SOURCE_TREE_IDENTITY.json (commit e614973a256b)
[2026-09-22T00:36:30.494209+00:00] Starting dedicated clean-room COMSOL mphserver...
[2026-09-22T00:36:30.519610+00:00] Pre-existing mphserver PID(s) that must survive this run: [5014, 5087]
[2026-09-22T00:36:33.862270+00:00] COMSOL mphserver PID 54424 listening on port 51253
[2026-09-22T00:36:33.862573+00:00] Executing C00: clean recovery, source binding and wheel out-of-tree verification...
[2026-09-22T00:36:37.333369+00:00] C00 (Clean Recovery, Source Binding & Wheel Verification): ✓ PASS
[2026-09-22T00:36:37.334157+00:00] Executing C01: Evidence correction verification...
[2026-09-22T00:36:37.337822+00:00] C01 (Evidence Correction & Ledger Auditing): ✓ PASS
[2026-09-22T00:36:37.337848+00:00] Executing C02: Dangerous states verification...
[2026-09-22T00:36:37.340716+00:00] C02 (Dangerous States & Safe Refusal): ✓ PASS
[2026-09-22T00:36:37.340734+00:00] Executing C03: Gate A live reopen verification on saved MPH artifacts...
[2026-09-22T00:36:38.562464+00:00]   Building Chain A (Stationary Heat Transfer)...
[2026-09-22T00:36:44.758881+00:00]   Building Chain B (Transient Heat Transfer)...
[2026-09-22T00:36:46.822454+00:00]   Building Chain C (Modified Continuation Model)...
[2026-09-22T00:36:48.463999+00:00]   Building BenchC04 (3D Block V=3)...
[2026-09-22T00:36:50.034229+00:00]   Building BenchC05 (Multi-Domain [0,1]x[0,2] and [1,3]x[0,2])...
[2026-09-22T00:36:51.266846+00:00]   Building BenchC06 (2D Rectangle [0,2]x[0,3])...
[2026-09-22T00:36:52.496165+00:00]   Building BenchC07 (2D Axisymmetric Cylinder R=2, H=3)...
[2026-09-22T00:36:54.126954+00:00]   Reopening identical artifacts in fresh worker without solving...
[2026-09-22T00:36:56.304536+00:00]   Loading benchmark models in verifier worker...
[2026-09-22T00:36:57.297775+00:00]   Running negative controls through verify_reopen...
[2026-09-22T00:36:58.327021+00:00] C03 aborted: TypeError: float() argument must be a string or a real number, not 'list'
[2026-09-22T00:36:58.332060+00:00] C03 (C03 (aborted before recording)): ✗ FAIL
[2026-09-22T00:36:58.332090+00:00]   Error: TypeError: float() argument must be a string or a real number, not 'list'
[2026-09-22T00:36:58.332255+00:00] Executing C04: Constant field statistics (f=2, V=3) on live COMSOL model...
[2026-09-22T00:36:58.332315+00:00] C04 (Constant Field Statistics): ✗ FAIL
[2026-09-22T00:36:58.332333+00:00]   Error: bound model 'reopen_c04' is unavailable
[2026-09-22T00:36:58.332352+00:00] Executing C05: Multi-dimensional and selection mapping on live COMSOL model...
[2026-09-22T00:36:58.332381+00:00] C05 (Multi-dimensional Support): ✗ FAIL
[2026-09-22T00:36:58.332395+00:00]   Error: bound model 'reopen_c05' is unavailable
[2026-09-22T00:36:58.332412+00:00] Executing C06: Non-uniform field analytic comparison (f=x+2y) on live COMSOL model...
[2026-09-22T00:36:58.332439+00:00] C06 (Non-Uniform Field): ✗ FAIL
[2026-09-22T00:36:58.332455+00:00]   Error: bound model 'reopen_c06' is unavailable
[2026-09-22T00:36:58.332470+00:00] Executing C07: Axisymmetric cylinder weighting (R=2, H=3) on live COMSOL model...
[2026-09-22T00:36:58.332495+00:00] C07 (Axisymmetric Cylinder): ✗ FAIL
[2026-09-22T00:36:58.332509+00:00]   Error: bound model 'reopen_c07' is unavailable
[2026-09-22T00:36:58.332547+00:00] Executing C08: Solution axis binding and multidimensional slicing on live transient model...
[2026-09-22T00:36:58.332615+00:00] C08 (Solution Axis Slicing): ✗ FAIL
[2026-09-22T00:36:58.332630+00:00]   Error: bound model 'reopen_b' is unavailable
[2026-09-22T00:36:58.332643+00:00] Executing C09: Complex field transformations on live COMSOL model...
[2026-09-22T00:36:58.332667+00:00] C09 (Complex Field Transformations): ✗ FAIL
[2026-09-22T00:36:58.332679+00:00]   Error: bound model 'reopen_c06' is unavailable
[2026-09-22T00:36:58.332692+00:00] Executing C10: Point coordinates unit scaling (m vs mm) on live COMSOL model...
[2026-09-22T00:36:58.336626+00:00] C10 error: Traceback (most recent call last):
  File "/Users/everwalker/Downloads/COMSOL_MCP_G3_3_WORKPACK/repository/comsol_mcp/_g2_engine.py", line 27, in _model
    return worker.client().model(model_tag)
           ^^^^^^^^^^^^^
AttributeError: 'NoneType' object has no attribute 'client'

The above exception was the direct cause of the following exception:

Traceback (most recent call last):
  File "/Users/everwalker/Downloads/COMSOL_MCP_G3_3_WORKPACK/repository/tests/run_g3_3_live_acceptance.py", line 2394, in run_c10
    pt_m = result_at_points(self.verifier_worker, "reopen_c06", {
        "spec": {"expressions": ["x + 2*y"], "solution": {"dataset": "dset1"}},
        "points": [[1.0, 1.5]],
        "coordinate_unit": "m",
    })
  File "/Users/everwalker/Downloads/COMSOL_MCP_G3_3_WORKPACK/repository/comsol_mcp/_g3_results.py", line 2541, in result_at_points
    model = bound_model(worker, model_tag)
  File "/Users/everwalker/Downloads/COMSOL_MCP_G3_3_WORKPACK/repository/comsol_mcp/_g3_common.py", line 713, in bound_model
    return _bound_model(worker, model_tag)
  File "/Users/everwalker/Downloads/COMSOL_MCP_G3_3_WORKPACK/repository/comsol_mcp/_g2_engine.py", line 29, in _model
    raise ExecutionContractError("NODE_NOT_FOUND", f"bound model {model_tag!r} is unavailable") from exc
comsol_mcp._execution_contract.ExecutionContractError: bound model 'reopen_c06' is unavailable

[2026-09-22T00:36:58.336657+00:00] C10 (Point Coordinates Scaling): ✗ FAIL
[2026-09-22T00:36:58.336669+00:00]   Error: bound model 'reopen_c06' is unavailable
[2026-09-22T00:36:58.336685+00:00] Executing C11: Dataset graph, CutPoint2D evaluation and cycle detection...
[2026-09-22T00:36:58.336702+00:00] C11 (Dataset Graph & CutPoint2D): ✗ FAIL
[2026-09-22T00:36:58.336712+00:00]   Error: 'NoneType' object has no attribute 'client'
[2026-09-22T00:36:58.336723+00:00] Executing C12: Export security and atomic failure rollback...
[2026-09-22T00:36:58.340610+00:00] C12 (Export Path Traversal Protection & Atomic Rollback): ✓ PASS
[2026-09-22T00:36:58.340632+00:00] Executing C13: Big array chunk streaming with SHA verification...
[2026-09-22T00:36:59.057034+00:00] C13 (Chunk Streaming & Bounded Memory): ✓ PASS
[2026-09-22T00:36:59.057234+00:00] Executing C14: Model definitions probe and results separation on live COMSOL model...
[2026-09-22T00:36:59.057296+00:00] C14 (Probe Separation): ✗ FAIL
[2026-09-22T00:36:59.057306+00:00]   Error: bound model 'reopen_c06' is unavailable
[2026-09-22T00:36:59.057314+00:00] Executing C15: Idempotency, control responsiveness during a solve, stale references...
[2026-09-22T00:36:59.057337+00:00] C15 (Control Responsiveness): ✗ FAIL
[2026-09-22T00:36:59.057343+00:00]   Error: bound model 'reopen_c04' is unavailable
[2026-09-22T00:36:59.057352+00:00] Executing C16: packaging, dependency locks and wheel resources...
[2026-09-22T00:36:59.086789+00:00] C16 (Packaging & Dependencies Lock): ✓ PASS
[2026-09-22T00:36:59.086943+00:00] Executing C17: teardown and evidence finalization...
[2026-09-22T00:36:59.086958+00:00] Stopping isolated mphserver PID 54424...
[2026-09-22T00:37:00.215514+00:00] C17 (Teardown & Verification Ledger Finalization): ✓ PASS
[2026-09-22T00:37:00.215605+00:00] Suite completed in 29.90s
