Processing request of type CallToolRequest
Processing request of type ListToolsRequest
server_connect True 
Processing request of type CallToolRequest
model_create True None
Processing request of type CallToolRequest
operation_call True None
Processing request of type CallToolRequest
study.sweep_manage True None
CASE_COMPLETED 1 {'L': 0.03, 'p0': 0.6, 'p1': 0.65} 0.19117898251088342
Processing request of type CallToolRequest
operation_call True None
Processing request of type CallToolRequest
operation_call True None
Processing request of type CallToolRequest
operation_call True None
Processing request of type CallToolRequest
operation_call True None
Processing request of type CallToolRequest
operation_call True None
Processing request of type CallToolRequest
plot_render True None
Processing request of type CallToolRequest
plot_render True None
Processing request of type CallToolRequest
save_model True None
