[2026-09-22T00:40:05.152899+00:00] ================================================================
[2026-09-22T00:40:05.152915+00:00] Starting G3.3 Live Acceptance Suite (Run ID: live_acceptance_20260922T004005Z)
[2026-09-22T00:40:05.152925+00:00] ================================================================
[2026-09-22T00:40:05.287854+00:00] Source identity recorded: /Users/everwalker/Downloads/COMSOL_MCP_G3_3_WORKPACK/SOURCE_TREE_IDENTITY.json (commit e14c946616f1)
[2026-09-22T00:40:05.287882+00:00] Starting dedicated clean-room COMSOL mphserver...
[2026-09-22T00:40:05.312900+00:00] Pre-existing mphserver PID(s) that must survive this run: [5014, 5087]
[2026-09-22T00:40:08.665537+00:00] COMSOL mphserver PID 55218 listening on port 51774
[2026-09-22T00:40:08.665662+00:00] Executing C00: clean recovery, source binding and wheel out-of-tree verification...
[2026-09-22T00:40:12.056075+00:00] C00 (Clean Recovery, Source Binding & Wheel Verification): ✓ PASS
[2026-09-22T00:40:12.057057+00:00] Executing C01: Evidence correction verification...
[2026-09-22T00:40:12.058405+00:00] C01 (Evidence Correction & Ledger Auditing): ✓ PASS
[2026-09-22T00:40:12.058433+00:00] Executing C02: Dangerous states verification...
[2026-09-22T00:40:12.061637+00:00] C02 (Dangerous States & Safe Refusal): ✓ PASS
[2026-09-22T00:40:12.061659+00:00] Executing C03: Gate A live reopen verification on saved MPH artifacts...
[2026-09-22T00:40:13.185473+00:00]   Building Chain A (Stationary Heat Transfer)...
[2026-09-22T00:40:19.221503+00:00]   Building Chain B (Transient Heat Transfer)...
[2026-09-22T00:40:21.076067+00:00]   Building Chain C (Modified Continuation Model)...
[2026-09-22T00:40:22.643665+00:00]   Building BenchC04 (3D Block V=3)...
[2026-09-22T00:40:24.170032+00:00]   Building BenchC05 (Multi-Domain [0,1]x[0,2] and [1,3]x[0,2])...
[2026-09-22T00:40:25.340996+00:00]   Building BenchC06 (2D Rectangle [0,2]x[0,3])...
[2026-09-22T00:40:26.502555+00:00]   Building BenchC07 (2D Axisymmetric Cylinder R=2, H=3)...
[2026-09-22T00:40:28.092473+00:00]   Reopening identical artifacts in fresh worker without solving...
[2026-09-22T00:40:30.225737+00:00]   Loading benchmark models in verifier worker...
[2026-09-22T00:40:31.238560+00:00]   Running negative controls through verify_reopen...
[2026-09-22T00:40:32.274114+00:00] C03 aborted: AssertionError: ('STORED_VALUE_MISMATCH', "Value for 'T_x0250' deviated: expected 323.15, got 308.1500000000069 (abs_diff=1.500000e+01 > 0.001, rel_diff=4.641807e-02 > None)", "the cleared artifact's read produced {'read_returned_raw': [[[308.1500000000069]]], 'read_returned_flat': [308.1500000000069], 'status': {'ok': True, 'engine_error': None, 'cleanup_failed': False}}")
[2026-09-22T00:40:32.280493+00:00] C03 (C03 (aborted before recording)): ✗ FAIL
[2026-09-22T00:40:32.280542+00:00]   Error: AssertionError: ('STORED_VALUE_MISMATCH', "Value for 'T_x0250' deviated: expected 323.15, got 308.1500000000069 (abs_diff=1.500000e+01 > 0.001, rel_diff=4.641807e-02 > None)", "the cleared artifact's read produced {'read_returned_raw': [[[308.1500000000069]]], 'read_returned_flat': [308.1500000000069], 'status': {'ok': True, 'engine_error': None, 'cleanup_failed': False}}")
[2026-09-22T00:40:32.280724+00:00] Executing C04: Constant field statistics (f=2, V=3) on live COMSOL model...
[2026-09-22T00:40:32.280795+00:00] C04 (Constant Field Statistics): ✗ FAIL
[2026-09-22T00:40:32.280813+00:00]   Error: bound model 'reopen_c04' is unavailable
[2026-09-22T00:40:32.280834+00:00] Executing C05: Multi-dimensional and selection mapping on live COMSOL model...
[2026-09-22T00:40:32.280868+00:00] C05 (Multi-dimensional Support): ✗ FAIL
[2026-09-22T00:40:32.280882+00:00]   Error: bound model 'reopen_c05' is unavailable
[2026-09-22T00:40:32.280916+00:00] Executing C06: Non-uniform field analytic comparison (f=x+2y) on live COMSOL model...
[2026-09-22T00:40:32.280941+00:00] C06 (Non-Uniform Field): ✗ FAIL
[2026-09-22T00:40:32.280953+00:00]   Error: bound model 'reopen_c06' is unavailable
[2026-09-22T00:40:32.280965+00:00] Executing C07: Axisymmetric cylinder weighting (R=2, H=3) on live COMSOL model...
[2026-09-22T00:40:32.280988+00:00] C07 (Axisymmetric Cylinder): ✗ FAIL
[2026-09-22T00:40:32.280999+00:00]   Error: bound model 'reopen_c07' is unavailable
[2026-09-22T00:40:32.281015+00:00] Executing C08: Solution axis binding and multidimensional slicing on live transient model...
[2026-09-22T00:40:32.281051+00:00] C08 (Solution Axis Slicing): ✗ FAIL
[2026-09-22T00:40:32.281062+00:00]   Error: bound model 'reopen_b' is unavailable
[2026-09-22T00:40:32.281074+00:00] Executing C09: Complex field transformations on live COMSOL model...
[2026-09-22T00:40:32.281096+00:00] C09 (Complex Field Transformations): ✗ FAIL
[2026-09-22T00:40:32.281106+00:00]   Error: bound model 'reopen_c06' is unavailable
[2026-09-22T00:40:32.281117+00:00] Executing C10: Point coordinates unit scaling (m vs mm) on live COMSOL model...
[2026-09-22T00:40:32.285277+00:00] C10 error: Traceback (most recent call last):
  File "/Users/everwalker/Downloads/COMSOL_MCP_G3_3_WORKPACK/repository/comsol_mcp/_g2_engine.py", line 27, in _model
    return worker.client().model(model_tag)
           ^^^^^^^^^^^^^
AttributeError: 'NoneType' object has no attribute 'client'

The above exception was the direct cause of the following exception:

Traceback (most recent call last):
  File "/Users/everwalker/Downloads/COMSOL_MCP_G3_3_WORKPACK/repository/tests/run_g3_3_live_acceptance.py", line 2394, in run_c10
    pt_m = result_at_points(self.verifier_worker, "reopen_c06", {
        "spec": {"expressions": ["x + 2*y"], "solution": {"dataset": "dset1"}},
        "points": [[1.0, 1.5]],
        "coordinate_unit": "m",
    })
  File "/Users/everwalker/Downloads/COMSOL_MCP_G3_3_WORKPACK/repository/comsol_mcp/_g3_results.py", line 2541, in result_at_points
    model = bound_model(worker, model_tag)
  File "/Users/everwalker/Downloads/COMSOL_MCP_G3_3_WORKPACK/repository/comsol_mcp/_g3_common.py", line 713, in bound_model
    return _bound_model(worker, model_tag)
  File "/Users/everwalker/Downloads/COMSOL_MCP_G3_3_WORKPACK/repository/comsol_mcp/_g2_engine.py", line 29, in _model
    raise ExecutionContractError("NODE_NOT_FOUND", f"bound model {model_tag!r} is unavailable") from exc
comsol_mcp._execution_contract.ExecutionContractError: bound model 'reopen_c06' is unavailable

[2026-09-22T00:40:32.285313+00:00] C10 (Point Coordinates Scaling): ✗ FAIL
[2026-09-22T00:40:32.285328+00:00]   Error: bound model 'reopen_c06' is unavailable
[2026-09-22T00:40:32.285345+00:00] Executing C11: Dataset graph, CutPoint2D evaluation and cycle detection...
[2026-09-22T00:40:32.285362+00:00] C11 (Dataset Graph & CutPoint2D): ✗ FAIL
[2026-09-22T00:40:32.285372+00:00]   Error: 'NoneType' object has no attribute 'client'
[2026-09-22T00:40:32.285386+00:00] Executing C12: Export security and atomic failure rollback...
[2026-09-22T00:40:32.289211+00:00] C12 (Export Path Traversal Protection & Atomic Rollback): ✓ PASS
[2026-09-22T00:40:32.289231+00:00] Executing C13: Big array chunk streaming with SHA verification...
[2026-09-22T00:40:33.068747+00:00] C13 (Chunk Streaming & Bounded Memory): ✓ PASS
[2026-09-22T00:40:33.068928+00:00] Executing C14: Model definitions probe and results separation on live COMSOL model...
[2026-09-22T00:40:33.068977+00:00] C14 (Probe Separation): ✗ FAIL
[2026-09-22T00:40:33.068985+00:00]   Error: bound model 'reopen_c06' is unavailable
[2026-09-22T00:40:33.068994+00:00] Executing C15: Idempotency, control responsiveness during a solve, stale references...
[2026-09-22T00:40:33.069021+00:00] C15 (Control Responsiveness): ✗ FAIL
[2026-09-22T00:40:33.069028+00:00]   Error: bound model 'reopen_c04' is unavailable
[2026-09-22T00:40:33.069038+00:00] Executing C16: packaging, dependency locks and wheel resources...
[2026-09-22T00:40:33.096646+00:00] C16 (Packaging & Dependencies Lock): ✓ PASS
[2026-09-22T00:40:33.096794+00:00] Executing C17: teardown and evidence finalization...
[2026-09-22T00:40:33.096806+00:00] Stopping isolated mphserver PID 55218...
[2026-09-22T00:40:34.173046+00:00] C17 (Teardown & Verification Ledger Finalization): ✓ PASS
[2026-09-22T00:40:34.173110+00:00] Suite completed in 29.02s
