[09/21/26 06:52:53] INFO     Processing request of type            server.py:733
                             ListToolsRequest                                   
                    INFO     Processing request of type            server.py:733
                             CallToolRequest                                    
[09/21/26 06:52:54] INFO     Processing request of type            server.py:733
                             CallToolRequest                                    
                    INFO     Processing request of type            server.py:733
                             CallToolRequest                                    
                    INFO     Processing request of type            server.py:733
                             CallToolRequest                                    
                    INFO     Processing request of type            server.py:733
                             CallToolRequest                                    
                    INFO     Processing request of type            server.py:733
                             CallToolRequest                                    
                    INFO     Processing request of type            server.py:733
                             CallToolRequest                                    
                    INFO     Processing request of type            server.py:733
                             CallToolRequest                                    
                    INFO     Processing request of type            server.py:733
                             CallToolRequest                                    
                    INFO     Processing request of type            server.py:733
                             CallToolRequest                                    
                    INFO     Processing request of type            server.py:733
                             CallToolRequest                                    
                    INFO     Processing request of type            server.py:733
                             CallToolRequest                                    
                    INFO     Processing request of type            server.py:733
                             CallToolRequest                                    
                    INFO     Processing request of type            server.py:733
                             CallToolRequest                                    
                    INFO     Processing request of type            server.py:733
                             CallToolRequest                                    
                    INFO     Processing request of type            server.py:733
                             CallToolRequest                                    
                    INFO     Processing request of type            server.py:733
                             CallToolRequest                                    
                    INFO     Processing request of type            server.py:733
                             CallToolRequest                                    
                    INFO     Processing request of type            server.py:733
                             CallToolRequest                                    
                    INFO     Processing request of type            server.py:733
                             CallToolRequest                                    
                    INFO     Processing request of type            server.py:733
                             CallToolRequest                                    
                    INFO     Processing request of type            server.py:733
                             CallToolRequest                                    
                    INFO     Processing request of type            server.py:733
                             CallToolRequest                                    
                    INFO     Processing request of type            server.py:733
                             CallToolRequest                                    
                    INFO     Processing request of type            server.py:733
                             CallToolRequest                                    
                    INFO     Processing request of type            server.py:733
                             CallToolRequest                                    
                    INFO     Processing request of type            server.py:733
                             CallToolRequest                                    
                    INFO     Processing request of type            server.py:733
                             CallToolRequest                                    
                    INFO     Processing request of type            server.py:733
                             CallToolRequest                                    
                    INFO     Processing request of type            server.py:733
                             CallToolRequest                                    
[09/21/26 06:52:55] INFO     Processing request of type            server.py:733
                             CallToolRequest                                    
                    INFO     Processing request of type            server.py:733
                             CallToolRequest                                    
                    INFO     Processing request of type            server.py:733
                             CallToolRequest                                    
                    INFO     Processing request of type            server.py:733
                             CallToolRequest                                    
                    INFO     Processing request of type            server.py:733
                             CallToolRequest                                    
                    INFO     Processing request of type            server.py:733
                             CallToolRequest                                    
                    INFO     Processing request of type            server.py:733
                             CallToolRequest                                    
                    INFO     Processing request of type            server.py:733
                             CallToolRequest                                    
                    INFO     Processing request of type            server.py:733
                             CallToolRequest                                    
                    INFO     Processing request of type            server.py:733
                             CallToolRequest                                    
                    INFO     Processing request of type            server.py:733
                             CallToolRequest                                    
                    INFO     Processing request of type            server.py:733
                             CallToolRequest                                    
                    INFO     Processing request of type            server.py:733
                             CallToolRequest                                    
                    INFO     Processing request of type            server.py:733
                             CallToolRequest                                    
                    INFO     Processing request of type            server.py:733
                             CallToolRequest                                    
                    INFO     Processing request of type            server.py:733
                             CallToolRequest                                    
                    INFO     Processing request of type            server.py:733
                             CallToolRequest                                    
                    INFO     Processing request of type            server.py:733
                             CallToolRequest                                    
                    INFO     Processing request of type            server.py:733
                             CallToolRequest                                    
                    INFO     Processing request of type            server.py:733
                             CallToolRequest                                    
                    INFO     Processing request of type            server.py:733
                             CallToolRequest                                    
                    INFO     Processing request of type            server.py:733
                             CallToolRequest                                    
                    INFO     Processing request of type            server.py:733
                             CallToolRequest                                    
                    INFO     Processing request of type            server.py:733
                             CallToolRequest                                    
                    INFO     Processing request of type            server.py:733
                             CallToolRequest                                    
                    INFO     Processing request of type            server.py:733
                             CallToolRequest                                    
                    INFO     Processing request of type            server.py:733
                             CallToolRequest                                    
                    INFO     Processing request of type            server.py:733
                             CallToolRequest                                    
                    INFO     Processing request of type            server.py:733
                             CallToolRequest                                    
                    INFO     Processing request of type            server.py:733
                             CallToolRequest                                    
                    INFO     Processing request of type            server.py:733
                             CallToolRequest                                    
                    INFO     Processing request of type            server.py:733
                             CallToolRequest                                    
                    INFO     Processing request of type            server.py:733
                             CallToolRequest                                    
                    INFO     Processing request of type            server.py:733
                             CallToolRequest                                    
                    INFO     Processing request of type            server.py:733
                             CallToolRequest                                    
                    INFO     Processing request of type            server.py:733
                             CallToolRequest                                    
                    INFO     Processing request of type            server.py:733
                             CallToolRequest                                    
                    INFO     Processing request of type            server.py:733
                             CallToolRequest                                    
                    INFO     Processing request of type            server.py:733
                             CallToolRequest                                    
                    INFO     Processing request of type            server.py:733
                             CallToolRequest                                    
                    INFO     Processing request of type            server.py:733
                             CallToolRequest                                    
                    INFO     Processing request of type            server.py:733
                             CallToolRequest                                    
                    INFO     Processing request of type            server.py:733
                             CallToolRequest                                    
                    INFO     Processing request of type            server.py:733
                             CallToolRequest                                    
                    INFO     Processing request of type            server.py:733
                             CallToolRequest                                    
                    INFO     Processing request of type            server.py:733
                             CallToolRequest                                    
                    INFO     Processing request of type            server.py:733
                             CallToolRequest                                    
                    INFO     Processing request of type            server.py:733
                             CallToolRequest                                    
                    INFO     Processing request of type            server.py:733
                             CallToolRequest                                    
                    INFO     Processing request of type            server.py:733
                             CallToolRequest                                    
                    INFO     Processing request of type            server.py:733
                             CallToolRequest                                    
                    INFO     Processing request of type            server.py:733
                             CallToolRequest                                    
                    INFO     Processing request of type            server.py:733
                             CallToolRequest                                    
                    INFO     Processing request of type            server.py:733
                             CallToolRequest                                    
                    INFO     Processing request of type            server.py:733
                             CallToolRequest                                    
                    INFO     Processing request of type            server.py:733
                             CallToolRequest                                    
                    INFO     Processing request of type            server.py:733
                             CallToolRequest                                    
                    INFO     Processing request of type            server.py:733
                             CallToolRequest                                    
                    INFO     Processing request of type            server.py:733
                             CallToolRequest                                    
                    INFO     Processing request of type            server.py:733
                             CallToolRequest                                    
                    INFO     Processing request of type            server.py:733
                             CallToolRequest                                    
                    INFO     Processing request of type            server.py:733
                             CallToolRequest                                    
                    INFO     Processing request of type            server.py:733
                             CallToolRequest                                    
                    INFO     Processing request of type            server.py:733
                             CallToolRequest                                    
                    INFO     Processing request of type            server.py:733
                             CallToolRequest                                    
                    INFO     Processing request of type            server.py:733
                             CallToolRequest                                    
                    INFO     Processing request of type            server.py:733
                             CallToolRequest                                    
                    INFO     Processing request of type            server.py:733
                             CallToolRequest                                    
                    INFO     Processing request of type            server.py:733
                             CallToolRequest                                    
                    INFO     Processing request of type            server.py:733
                             CallToolRequest                                    
                    INFO     Processing request of type            server.py:733
                             CallToolRequest                                    
                    INFO     Processing request of type            server.py:733
                             CallToolRequest                                    
                    INFO     Processing request of type            server.py:733
                             CallToolRequest                                    
                    INFO     Processing request of type            server.py:733
                             CallToolRequest                                    
                    INFO     Processing request of type            server.py:733
                             CallToolRequest                                    
                    INFO     Processing request of type            server.py:733
                             CallToolRequest                                    
                    INFO     Processing request of type            server.py:733
                             CallToolRequest                                    
                    INFO     Processing request of type            server.py:733
                             CallToolRequest                                    
                    INFO     Processing request of type            server.py:733
                             CallToolRequest                                    
                    INFO     Processing request of type            server.py:733
                             CallToolRequest                                    
                    INFO     Processing request of type            server.py:733
                             CallToolRequest                                    
                    INFO     Processing request of type            server.py:733
                             CallToolRequest                                    
                    INFO     Processing request of type            server.py:733
                             CallToolRequest                                    
                    INFO     Processing request of type            server.py:733
                             CallToolRequest                                    
                    INFO     Processing request of type            server.py:733
                             CallToolRequest                                    
                    INFO     Processing request of type            server.py:733
                             CallToolRequest                                    
                    INFO     Processing request of type            server.py:733
                             CallToolRequest                                    
                    INFO     Processing request of type            server.py:733
                             CallToolRequest                                    
                    INFO     Processing request of type            server.py:733
                             CallToolRequest                                    
                    INFO     Processing request of type            server.py:733
                             CallToolRequest                                    
                    INFO     Processing request of type            server.py:733
                             CallToolRequest                                    
                    INFO     Processing request of type            server.py:733
                             CallToolRequest                                    
                    INFO     Processing request of type            server.py:733
                             CallToolRequest                                    
                    INFO     Processing request of type            server.py:733
                             CallToolRequest                                    
                    INFO     Processing request of type            server.py:733
                             CallToolRequest                                    
                    INFO     Processing request of type            server.py:733
                             CallToolRequest                                    
                    INFO     Processing request of type            server.py:733
                             CallToolRequest                                    
                    INFO     Processing request of type            server.py:733
                             CallToolRequest                                    
                    INFO     Processing request of type            server.py:733
                             CallToolRequest                                    
                    INFO     Processing request of type            server.py:733
                             CallToolRequest                                    
                    INFO     Processing request of type            server.py:733
                             CallToolRequest                                    
                    INFO     Processing request of type            server.py:733
                             CallToolRequest                                    
                    INFO     Processing request of type            server.py:733
                             CallToolRequest                                    
                    INFO     Processing request of type            server.py:733
                             CallToolRequest                                    
                    INFO     Processing request of type            server.py:733
                             CallToolRequest                                    
                    INFO     Processing request of type            server.py:733
                             CallToolRequest                                    
                    INFO     Processing request of type            server.py:733
                             CallToolRequest                                    
                    INFO     Processing request of type            server.py:733
                             CallToolRequest                                    
                    INFO     Processing request of type            server.py:733
                             CallToolRequest                                    
                    INFO     Processing request of type            server.py:733
                             CallToolRequest                                    
                    INFO     Processing request of type            server.py:733
                             CallToolRequest                                    
                    INFO     Processing request of type            server.py:733
                             CallToolRequest                                    
                    INFO     Processing request of type            server.py:733
                             CallToolRequest                                    
                    INFO     Processing request of type            server.py:733
                             CallToolRequest                                    
                    INFO     Processing request of type            server.py:733
                             CallToolRequest                                    
                    INFO     Processing request of type            server.py:733
                             CallToolRequest                                    
                    INFO     Processing request of type            server.py:733
                             CallToolRequest                                    
                    INFO     Processing request of type            server.py:733
                             CallToolRequest                                    
[09/21/26 06:52:56] INFO     Processing request of type            server.py:733
                             CallToolRequest                                    
                    INFO     Processing request of type            server.py:733
                             CallToolRequest                                    
                    INFO     Processing request of type            server.py:733
                             CallToolRequest                                    
                    INFO     Processing request of type            server.py:733
                             CallToolRequest                                    
                    INFO     Processing request of type            server.py:733
                             CallToolRequest                                    
                    INFO     Processing request of type            server.py:733
                             CallToolRequest                                    
                    INFO     Processing request of type            server.py:733
                             CallToolRequest                                    
                    INFO     Processing request of type            server.py:733
                             CallToolRequest                                    
                    INFO     Processing request of type            server.py:733
                             CallToolRequest                                    
                    INFO     Processing request of type            server.py:733
                             CallToolRequest                                    
                    INFO     Processing request of type            server.py:733
                             CallToolRequest                                    
                    INFO     Processing request of type            server.py:733
                             CallToolRequest                                    
                    INFO     Processing request of type            server.py:733
                             CallToolRequest                                    
                    INFO     Processing request of type            server.py:733
                             CallToolRequest                                    
                    INFO     Processing request of type            server.py:733
                             CallToolRequest                                    
                    INFO     Processing request of type            server.py:733
                             CallToolRequest                                    
                    INFO     Processing request of type            server.py:733
                             CallToolRequest                                    
                    INFO     Processing request of type            server.py:733
                             CallToolRequest                                    
                    INFO     Processing request of type            server.py:733
                             CallToolRequest                                    
                    INFO     Processing request of type            server.py:733
                             CallToolRequest                                    
                    INFO     Processing request of type            server.py:733
                             CallToolRequest                                    
                    INFO     Processing request of type            server.py:733
                             CallToolRequest                                    
                    INFO     Processing request of type            server.py:733
                             CallToolRequest                                    
                    INFO     Processing request of type            server.py:733
                             CallToolRequest                                    
                    INFO     Processing request of type            server.py:733
                             CallToolRequest                                    
                    INFO     Processing request of type            server.py:733
                             CallToolRequest                                    
                    INFO     Processing request of type            server.py:733
                             CallToolRequest                                    
                    INFO     Processing request of type            server.py:733
                             CallToolRequest                                    
                    INFO     Processing request of type            server.py:733
                             CallToolRequest                                    
                    INFO     Processing request of type            server.py:733
                             CallToolRequest                                    
                    INFO     Processing request of type            server.py:733
                             CallToolRequest                                    
                    INFO     Processing request of type            server.py:733
                             CallToolRequest                                    
                    INFO     Processing request of type            server.py:733
                             CallToolRequest                                    
                    INFO     Processing request of type            server.py:733
                             CallToolRequest                                    
                    INFO     Processing request of type            server.py:733
                             CallToolRequest                                    
                    INFO     Processing request of type            server.py:733
                             CallToolRequest                                    
                    INFO     Processing request of type            server.py:733
                             CallToolRequest                                    
                    INFO     Processing request of type            server.py:733
                             CallToolRequest                                    
                    INFO     Processing request of type            server.py:733
                             CallToolRequest                                    
                    INFO     Processing request of type            server.py:733
                             CallToolRequest                                    
                    INFO     Processing request of type            server.py:733
                             CallToolRequest                                    
                    INFO     Processing request of type            server.py:733
                             CallToolRequest                                    
                    INFO     Processing request of type            server.py:733
                             CallToolRequest                                    
                    INFO     Processing request of type            server.py:733
                             CallToolRequest                                    
                    INFO     Processing request of type            server.py:733
                             CallToolRequest                                    
                    INFO     Processing request of type            server.py:733
                             CallToolRequest                                    
                    INFO     Processing request of type            server.py:733
                             CallToolRequest                                    
[09/21/26 06:52:58] INFO     Processing request of type            server.py:733
                             CallToolRequest                                    
                    INFO     Processing request of type            server.py:733
                             CallToolRequest                                    
                    INFO     Processing request of type            server.py:733
                             CallToolRequest                                    
[09/21/26 06:53:02] INFO     Processing request of type            server.py:733
                             CallToolRequest                                    
                    INFO     Processing request of type            server.py:733
                             CallToolRequest                                    
                    INFO     Processing request of type            server.py:733
                             CallToolRequest                                    
                    INFO     Processing request of type            server.py:733
                             CallToolRequest                                    
                    INFO     Processing request of type            server.py:733
                             CallToolRequest                                    
                    INFO     Processing request of type            server.py:733
                             CallToolRequest                                    
                    INFO     Processing request of type            server.py:733
                             CallToolRequest                                    
                    INFO     Processing request of type            server.py:733
                             CallToolRequest                                    
                    INFO     Processing request of type            server.py:733
                             CallToolRequest                                    
                    INFO     Processing request of type            server.py:733
                             CallToolRequest                                    
                    INFO     Processing request of type            server.py:733
                             CallToolRequest                                    
                    INFO     Processing request of type            server.py:733
                             CallToolRequest                                    
                    INFO     Processing request of type            server.py:733
                             CallToolRequest                                    
[09/21/26 06:53:04] INFO     Processing request of type            server.py:733
                             CallToolRequest                                    
                    INFO     Processing request of type            server.py:733
                             CallToolRequest                                    
                    INFO     Processing request of type            server.py:733
                             CallToolRequest                                    
                    INFO     Processing request of type            server.py:733
                             CallToolRequest                                    
                    INFO     Processing request of type            server.py:733
                             CallToolRequest                                    
                    INFO     Processing request of type            server.py:733
                             CallToolRequest                                    
                    INFO     Processing request of type            server.py:733
                             CallToolRequest                                    
                    INFO     Processing request of type            server.py:733
                             CallToolRequest                                    
                    INFO     Processing request of type            server.py:733
                             CallToolRequest                                    
                    INFO     Processing request of type            server.py:733
                             CallToolRequest                                    
                    INFO     Processing request of type            server.py:733
                             CallToolRequest                                    
                    INFO     Processing request of type            server.py:733
                             CallToolRequest                                    
                    INFO     Processing request of type            server.py:733
                             CallToolRequest                                    
                    INFO     Processing request of type            server.py:733
                             CallToolRequest                                    
                    INFO     Processing request of type            server.py:733
                             CallToolRequest                                    
                    INFO     Processing request of type            server.py:733
                             CallToolRequest                                    
                    INFO     Processing request of type            server.py:733
                             CallToolRequest                                    
                    INFO     Processing request of type            server.py:733
                             CallToolRequest                                    
                    INFO     Processing request of type            server.py:733
                             CallToolRequest                                    
                    INFO     Processing request of type            server.py:733
                             CallToolRequest                                    
                    INFO     Processing request of type            server.py:733
                             CallToolRequest                                    
                    INFO     Processing request of type            server.py:733
                             CallToolRequest                                    
                    INFO     Processing request of type            server.py:733
                             CallToolRequest                                    
                    INFO     Processing request of type            server.py:733
                             CallToolRequest                                    
                    INFO     Processing request of type            server.py:733
                             CallToolRequest                                    
                    INFO     Processing request of type            server.py:733
                             CallToolRequest                                    
                    INFO     Processing request of type            server.py:733
                             CallToolRequest                                    
                    INFO     Processing request of type            server.py:733
                             CallToolRequest                                    
                    INFO     Processing request of type            server.py:733
                             CallToolRequest                                    
                    INFO     Processing request of type            server.py:733
                             CallToolRequest                                    
                    INFO     Processing request of type            server.py:733
                             CallToolRequest                                    
                    INFO     Processing request of type            server.py:733
                             CallToolRequest                                    
                    INFO     Processing request of type            server.py:733
                             CallToolRequest                                    
                    INFO     Processing request of type            server.py:733
                             CallToolRequest                                    
[09/21/26 06:53:05] INFO     Processing request of type            server.py:733
                             CallToolRequest                                    
                    INFO     Processing request of type            server.py:733
                             CallToolRequest                                    
                    INFO     Processing request of type            server.py:733
                             CallToolRequest                                    
                    INFO     Processing request of type            server.py:733
                             CallToolRequest                                    
                    INFO     Processing request of type            server.py:733
                             CallToolRequest                                    
                    INFO     Processing request of type            server.py:733
                             CallToolRequest                                    
                    INFO     Processing request of type            server.py:733
                             CallToolRequest                                    
                    INFO     Processing request of type            server.py:733
                             CallToolRequest                                    
                    INFO     Processing request of type            server.py:733
                             CallToolRequest                                    
                    INFO     Processing request of type            server.py:733
                             CallToolRequest                                    
                    INFO     Processing request of type            server.py:733
                             CallToolRequest                                    
                    INFO     Processing request of type            server.py:733
                             CallToolRequest                                    
                    INFO     Processing request of type            server.py:733
                             CallToolRequest                                    
                    INFO     Processing request of type            server.py:733
                             CallToolRequest                                    
                    INFO     Processing request of type            server.py:733
                             CallToolRequest                                    
                    INFO     Processing request of type            server.py:733
                             CallToolRequest                                    
                    INFO     Processing request of type            server.py:733
                             CallToolRequest                                    
                    INFO     Processing request of type            server.py:733
                             CallToolRequest                                    
                    INFO     Processing request of type            server.py:733
                             CallToolRequest                                    
                    INFO     Processing request of type            server.py:733
                             CallToolRequest                                    
                    INFO     Processing request of type            server.py:733
                             CallToolRequest                                    
                    INFO     Processing request of type            server.py:733
                             CallToolRequest                                    
                    INFO     Processing request of type            server.py:733
                             CallToolRequest                                    
[09/21/26 06:53:06] INFO     Processing request of type            server.py:733
                             CallToolRequest                                    
                    INFO     Processing request of type            server.py:733
                             CallToolRequest                                    
                    INFO     Processing request of type            server.py:733
                             CallToolRequest                                    
                    INFO     Processing request of type            server.py:733
                             CallToolRequest                                    
                    INFO     Processing request of type            server.py:733
                             CallToolRequest                                    
                    INFO     Processing request of type            server.py:733
                             CallToolRequest                                    
                    INFO     Processing request of type            server.py:733
                             CallToolRequest                                    
                    INFO     Processing request of type            server.py:733
                             CallToolRequest                                    
                    INFO     Processing request of type            server.py:733
                             CallToolRequest                                    
                    INFO     Processing request of type            server.py:733
                             CallToolRequest                                    
                    INFO     Processing request of type            server.py:733
                             CallToolRequest                                    
                    INFO     Processing request of type            server.py:733
                             CallToolRequest                                    
