Processing request of type CallToolRequest
Processing request of type ListToolsRequest
server_connect True
Processing request of type CallToolRequest
model_create True
Processing request of type CallToolRequest
operation_call True
Processing request of type CallToolRequest
study.sweep_manage True
Processing request of type CallToolRequest
validate.solution False
Processing request of type CallToolRequest
validate.solution False
Processing request of type CallToolRequest
validate.solution False
Processing request of type CallToolRequest
study.sweep_manage True
Processing request of type CallToolRequest
stage.checkpoint_create True
Processing request of type CallToolRequest
stage.state_transfer False
Processing request of type CallToolRequest
stage.state_transfer True
Processing request of type CallToolRequest
optimization.bounded_run True
Processing request of type CallToolRequest
operation_call True
Processing request of type CallToolRequest
operation_call True
Processing request of type CallToolRequest
save_model True
Processing request of type CallToolRequest
study.sweep_manage True
Processing request of type CallToolRequest
study.sweep_manage True
Processing request of type CallToolRequest
optimization.bounded_run True
