[2026-09-22T05:43:01.667797+00:00] ================================================================
[2026-09-22T05:43:01.667871+00:00] Starting G3.3 Live Acceptance Suite (Run ID: frozen_19case_20260922T054301Z)
[2026-09-22T05:43:01.667883+00:00] ================================================================
[2026-09-22T05:43:01.815191+00:00] Source identity recorded: /Users/everwalker/Downloads/COMSOL_MCP_G3_3_WORKPACK/SOURCE_TREE_IDENTITY.json (commit cccf32e55c56)
[2026-09-22T05:43:01.815217+00:00] Starting dedicated clean-room COMSOL mphserver...
[2026-09-22T05:43:04.887563+00:00] COMSOL mphserver PID 84389 listening on port 61428
[2026-09-22T05:43:04.887948+00:00] Executing C00: clean recovery, source binding and wheel out-of-tree verification...
[2026-09-22T05:43:09.040816+00:00] C00 (Clean Recovery, Source Binding & Wheel Verification): ✓ PASS
[2026-09-22T05:43:09.041483+00:00] Executing C01: Evidence correction verification...
[2026-09-22T05:43:09.042652+00:00] C01 (Evidence Correction): ✗ FAIL
[2026-09-22T05:43:09.042669+00:00]   Error: 'corrections'
[2026-09-22T05:43:09.042682+00:00] Executing C02: Dangerous states verification...
[2026-09-22T05:43:09.044147+00:00] C02 (Dangerous States & Safe Refusal): ✓ PASS
[2026-09-22T05:43:09.044161+00:00] Executing C03: Gate A live reopen verification on saved MPH artifacts...
[2026-09-22T05:43:10.148637+00:00]   Building Chain A (Stationary Heat Transfer)...
[2026-09-22T05:43:16.101504+00:00]   Building Chain B (Transient Heat Transfer)...
[2026-09-22T05:43:18.031020+00:00]   Building Chain C (Modified Continuation Model)...
[2026-09-22T05:43:19.665826+00:00]   Building BenchC04 (3D Block V=3)...
[2026-09-22T05:43:21.308241+00:00]   Building BenchC05 (Multi-Domain [0,1]x[0,2] and [1,3]x[0,2])...
[2026-09-22T05:43:22.489101+00:00]   Building BenchC06 (2D Rectangle [0,2]x[0,3])...
[2026-09-22T05:43:23.672608+00:00]   Building BenchC07 (2D Axisymmetric Cylinder R=2, H=3)...
[2026-09-22T05:43:25.240746+00:00]   Reopening identical artifacts in fresh worker without solving...
[2026-09-22T05:43:27.276925+00:00] C03 aborted: TypeError: unsupported operand type(s) for -: 'list' and 'float'
[2026-09-22T05:43:27.282416+00:00] C03 (C03 (aborted before recording)): ✗ FAIL
[2026-09-22T05:43:27.282499+00:00]   Error: TypeError: unsupported operand type(s) for -: 'list' and 'float'
[2026-09-22T05:43:27.282717+00:00] Executing C04: Constant field statistics (f=2, V=3) on live COMSOL model...
[2026-09-22T05:43:27.282818+00:00] C04 (Constant Field Statistics): ✗ FAIL
[2026-09-22T05:43:27.282833+00:00]   Error: bound model 'reopen_c04' is unavailable
[2026-09-22T05:43:27.282864+00:00] Executing C05: Multi-dimensional and selection mapping on live COMSOL model...
[2026-09-22T05:43:27.282903+00:00] C05 (Multi-dimensional Support): ✗ FAIL
[2026-09-22T05:43:27.282916+00:00]   Error: bound model 'reopen_c05' is unavailable
[2026-09-22T05:43:27.282941+00:00] Executing C06: Non-uniform field analytic comparison (f=x+2y) on live COMSOL model...
[2026-09-22T05:43:27.282974+00:00] C06 (Non-Uniform Field): ✗ FAIL
[2026-09-22T05:43:27.282987+00:00]   Error: bound model 'reopen_c06' is unavailable
[2026-09-22T05:43:27.283002+00:00] Executing C07: Axisymmetric cylinder weighting (R=2, H=3) on live COMSOL model...
[2026-09-22T05:43:27.283033+00:00] C07 (Axisymmetric Cylinder): ✗ FAIL
[2026-09-22T05:43:27.283045+00:00]   Error: bound model 'reopen_c07' is unavailable
[2026-09-22T05:43:27.283077+00:00] Executing C08: Solution axis binding and multidimensional slicing on live transient model...
[2026-09-22T05:43:27.283134+00:00] C08 (Solution Axis Slicing): ✗ FAIL
[2026-09-22T05:43:27.283148+00:00]   Error: bound model 'reopen_b' is unavailable
[2026-09-22T05:43:27.283170+00:00] Executing C09: Complex field transformations on live COMSOL model...
[2026-09-22T05:43:27.283202+00:00] C09 (Complex Field Transformations): ✗ FAIL
[2026-09-22T05:43:27.283263+00:00]   Error: bound model 'reopen_c06' is unavailable
[2026-09-22T05:43:27.283278+00:00] Executing C10: Point coordinates unit scaling (m vs mm) on live COMSOL model...
[2026-09-22T05:43:27.288148+00:00] C10 error: Traceback (most recent call last):
  File "/Users/everwalker/Downloads/COMSOL_MCP_G3_3_WORKPACK/repository/comsol_mcp/_g2_engine.py", line 27, in _model
    return worker.client().model(model_tag)
           ^^^^^^^^^^^^^
AttributeError: 'NoneType' object has no attribute 'client'

The above exception was the direct cause of the following exception:

Traceback (most recent call last):
  File "/Users/everwalker/Downloads/COMSOL_MCP_G3_3_WORKPACK/repository/tests/run_g3_3_live_acceptance.py", line 2402, in run_c10
    pt_m = result_at_points(self.verifier_worker, "reopen_c06", {
        "spec": {"expressions": ["x + 2*y"], "solution": {"dataset": "dset1"}},
        "points": [[1.0, 1.5]],
        "coordinate_unit": "m",
    })
  File "/Users/everwalker/Downloads/COMSOL_MCP_G3_3_WORKPACK/repository/comsol_mcp/_g3_results.py", line 4667, in result_at_points
    model = bound_model(worker, model_tag)
  File "/Users/everwalker/Downloads/COMSOL_MCP_G3_3_WORKPACK/repository/comsol_mcp/_g3_common.py", line 714, in bound_model
    return _bound_model(worker, model_tag)
  File "/Users/everwalker/Downloads/COMSOL_MCP_G3_3_WORKPACK/repository/comsol_mcp/_g2_engine.py", line 29, in _model
    raise ExecutionContractError("NODE_NOT_FOUND", f"bound model {model_tag!r} is unavailable") from exc
comsol_mcp._execution_contract.ExecutionContractError: bound model 'reopen_c06' is unavailable

[2026-09-22T05:43:27.288389+00:00] C10 (Point Coordinates Scaling): ✗ FAIL
[2026-09-22T05:43:27.288423+00:00]   Error: bound model 'reopen_c06' is unavailable
[2026-09-22T05:43:27.288450+00:00] Executing C11: Dataset graph, CutPoint2D evaluation and cycle detection...
[2026-09-22T05:43:27.288478+00:00] C11 (Dataset Graph & CutPoint2D): ✗ FAIL
[2026-09-22T05:43:27.288490+00:00]   Error: 'NoneType' object has no attribute 'client'
[2026-09-22T05:43:27.288503+00:00] Executing C12: Export security and atomic failure rollback...
[2026-09-22T05:43:27.292964+00:00] C12 (Export Security): ✗ FAIL
[2026-09-22T05:43:27.292988+00:00]   Error: ArtifactStore requires an explicit trusted project root; cwd is not an authorization source
[2026-09-22T05:43:27.293014+00:00] Executing C13: Big array chunk streaming with SHA verification...
[2026-09-22T05:43:27.303679+00:00] C13 (Chunk Streaming): ✗ FAIL
[2026-09-22T05:43:27.303718+00:00]   Error: ArtifactStore requires an explicit trusted project root; cwd is not an authorization source
[2026-09-22T05:43:27.303996+00:00] Executing C14: Model definitions probe and results separation on live COMSOL model...
[2026-09-22T05:43:27.304071+00:00] C14 (Probe Separation): ✗ FAIL
[2026-09-22T05:43:27.304082+00:00]   Error: bound model 'reopen_c06' is unavailable
[2026-09-22T05:43:27.304093+00:00] Executing C15: Idempotency, control responsiveness during a solve, stale references...
[2026-09-22T05:43:27.304141+00:00] C15 (Control Responsiveness): ✗ FAIL
[2026-09-22T05:43:27.304150+00:00]   Error: bound model 'reopen_c04' is unavailable
[2026-09-22T05:43:27.304160+00:00] Executing C16: packaging, dependency locks and wheel resources...
[2026-09-22T05:43:27.335269+00:00] C16 (Packaging & Dependencies Lock): ✓ PASS
[2026-09-22T05:43:27.335439+00:00] Executing C17: teardown and evidence finalization...
[2026-09-22T05:43:27.335455+00:00] Stopping isolated mphserver PID 84389...
[2026-09-22T05:43:28.472843+00:00] C17 (Teardown & Verification Ledger Finalization): ✓ PASS
[2026-09-22T05:43:28.472951+00:00] Suite completed in 26.81s
