[2026-09-22T06:03:26.057627+00:00] ================================================================
[2026-09-22T06:03:26.057699+00:00] Starting G3.3 Live Acceptance Suite (Run ID: frozen_only_20260922T060325Z)
[2026-09-22T06:03:26.057709+00:00] ================================================================
[2026-09-22T06:03:26.191788+00:00] Source identity recorded: /Users/everwalker/Downloads/COMSOL_MCP_G3_3_WORKPACK/SOURCE_TREE_IDENTITY.json (commit 65d1c51c3d12)
[2026-09-22T06:03:26.191813+00:00] Starting dedicated clean-room COMSOL mphserver...
[2026-09-22T06:03:29.258283+00:00] COMSOL mphserver PID 91008 listening on port 51106
[2026-09-22T06:03:29.258728+00:00] Executing C03: Gate A live reopen verification on saved MPH artifacts...
[2026-09-22T06:03:30.472125+00:00]   Building Chain A (Stationary Heat Transfer)...
[2026-09-22T06:03:36.596316+00:00]   Building Chain B (Transient Heat Transfer)...
[2026-09-22T06:03:38.430725+00:00]   Building Chain C (Modified Continuation Model)...
[2026-09-22T06:03:39.980134+00:00]   Building BenchC04 (3D Block V=3)...
[2026-09-22T06:03:41.402861+00:00]   Building BenchC05 (Multi-Domain [0,1]x[0,2] and [1,3]x[0,2])...
[2026-09-22T06:03:42.552230+00:00]   Building BenchC06 (2D Rectangle [0,2]x[0,3])...
[2026-09-22T06:03:43.682520+00:00]   Building BenchC07 (2D Axisymmetric Cylinder R=2, H=3)...
[2026-09-22T06:03:45.248792+00:00]   Reopening identical artifacts in fresh worker without solving...
[2026-09-22T06:03:47.749550+00:00]   Loading benchmark models in verifier worker...
[2026-09-22T06:03:48.751136+00:00]   Running negative controls through verify_reopen...
[2026-09-22T06:03:50.299490+00:00] C03 (Gate A Reopen & Stored Solution Acceptance): ✓ PASS
[2026-09-22T06:03:50.299538+00:00] Executing C03R: independent re-solve and indistinguishability...
[2026-09-22T06:03:51.096937+00:00] C03R (Independent Re-solve & Indistinguishability): ✓ PASS
[2026-09-22T06:03:51.097134+00:00] Executing C14: Model definitions probe and results separation on live COMSOL model...
[2026-09-22T06:03:51.140275+00:00]   Verifying host dispatch path for probe operations...
[2026-09-22T06:03:51.346888+00:00] C14 (Definitions Probe vs Derived Values Separation & Table Management): ✓ PASS
[2026-09-22T06:03:51.762694+00:00] Stopping isolated mphserver PID 91008...
[2026-09-22T06:03:51.943288+00:00] Suite completed in 25.89s
