[2026-09-21T23:57:04.294591+00:00] ================================================================
[2026-09-21T23:57:04.294630+00:00] Starting G3.3 Live Acceptance Suite (Run ID: live_acceptance_20260921T235704Z)
[2026-09-21T23:57:04.294638+00:00] ================================================================
[2026-09-21T23:57:04.294645+00:00] Starting dedicated clean-room COMSOL mphserver...
[2026-09-21T23:57:07.333755+00:00] COMSOL mphserver PID 39668 listening on port 58084
[2026-09-21T23:57:07.334118+00:00] Executing C00: clean recovery, source binding and wheel out-of-tree verification...
[2026-09-21T23:57:10.465553+00:00] C00 (Clean Recovery, Source Binding & Wheel Verification): ✓ PASS
[2026-09-21T23:57:10.466267+00:00] Executing C01: Evidence correction verification...
[2026-09-21T23:57:10.467556+00:00] C01 (Evidence Correction & Ledger Auditing): ✓ PASS
[2026-09-21T23:57:10.467577+00:00] Executing C02: Dangerous states verification...
[2026-09-21T23:57:10.469290+00:00] C02 (Dangerous States & Safe Refusal): ✓ PASS
[2026-09-21T23:57:10.469305+00:00] Executing C03: Gate A live reopen verification on saved MPH artifacts...
[2026-09-21T23:57:11.568375+00:00]   Building Chain A (Stationary Heat Transfer)...
[2026-09-21T23:57:17.058315+00:00]   Building Chain B (Transient Heat Transfer)...
[2026-09-21T23:57:18.815478+00:00]   Building Chain C (Modified Continuation Model)...
[2026-09-21T23:57:20.360242+00:00]   Building BenchC04 (3D Block V=3)...
[2026-09-21T23:57:21.867826+00:00]   Building BenchC05 (Multi-Domain [0,1]x[0,2] and [1,3]x[0,2])...
[2026-09-21T23:57:23.052762+00:00]   Building BenchC06 (2D Rectangle [0,2]x[0,3])...
[2026-09-21T23:57:24.177511+00:00]   Building BenchC07 (2D Axisymmetric Cylinder R=2, H=3)...
[2026-09-21T23:57:25.705379+00:00]   Reopening identical artifacts in fresh worker without solving...
[2026-09-21T23:57:27.823107+00:00]   Loading benchmark models in verifier worker...
[2026-09-21T23:57:28.790256+00:00]   Running negative controls through verify_reopen...
[2026-09-21T23:57:28.828454+00:00] C03 (Gate A Reopen & Stored Solution Acceptance): ✓ PASS
[2026-09-21T23:57:28.828525+00:00] Executing C03R: independent re-solve and indistinguishability...
[2026-09-21T23:57:29.656955+00:00] C03R (Independent Re-solve & Indistinguishability): ✓ PASS
[2026-09-21T23:57:29.657084+00:00] Executing C04: Constant field statistics (f=2, V=3) on live COMSOL model...
[2026-09-21T23:57:29.974782+00:00] C04 (Constant Field Statistics (f=2, V=3)): ✓ PASS
[2026-09-21T23:57:29.974826+00:00] Executing C05: Multi-dimensional and selection mapping on live COMSOL model...
[2026-09-21T23:57:30.084642+00:00] C05 (Multi-dimensional & Selection Support): ✓ PASS
[2026-09-21T23:57:30.084694+00:00] Executing C06: Non-uniform field analytic comparison (f=x+2y) on live COMSOL model...
[2026-09-21T23:57:30.285124+00:00] C06 (Non-Uniform Field Analytical Verification): ✓ PASS
[2026-09-21T23:57:30.285181+00:00] Executing C07: Axisymmetric cylinder weighting (R=2, H=3) on live COMSOL model...
[2026-09-21T23:57:30.440353+00:00] C07 (Axisymmetric Cylinder Verification): ✓ PASS
[2026-09-21T23:57:30.440407+00:00] Executing C08: Solution axis binding and multidimensional slicing on live transient model...
[2026-09-21T23:57:30.464713+00:00] C08 (Solution Axis Slicing & Metadata): ✓ PASS
[2026-09-21T23:57:30.464787+00:00] Executing C09: Complex field transformations on live COMSOL model...
[2026-09-21T23:57:30.654722+00:00] C09 (Complex Field Transformations): ✓ PASS
[2026-09-21T23:57:30.654774+00:00] Executing C10: Point coordinates unit scaling (m vs mm) on live COMSOL model...
[2026-09-21T23:57:30.709936+00:00] C10 (Point Coordinates Scaling (m vs mm)): ✓ PASS
[2026-09-21T23:57:30.709991+00:00] Executing C11: Dataset graph, CutPoint2D evaluation and cycle detection...
[2026-09-21T23:57:30.782348+00:00] C11 (Dataset Dependency Graph & CutPoint2D): ✓ PASS
[2026-09-21T23:57:30.782412+00:00] Executing C12: Export security and atomic failure rollback...
[2026-09-21T23:57:30.785285+00:00] C12 (Export Path Traversal Protection & Atomic Rollback): ✓ PASS
[2026-09-21T23:57:30.785322+00:00] Executing C13: Big array chunk streaming with SHA verification...
[2026-09-21T23:57:30.785592+00:00] C13 (Chunk Streaming & Bounded Memory): ✓ PASS
[2026-09-21T23:57:30.785604+00:00] Executing C14: Model definitions probe and results separation on live COMSOL model...
[2026-09-21T23:57:30.863873+00:00] C14 (Definitions Probe vs Derived Values Separation & Table Management): ✓ PASS
[2026-09-21T23:57:30.863921+00:00] Executing C15: Idempotency and control plane responsiveness...
[2026-09-21T23:57:31.870543+00:00] C15 (Idempotency & Control Responsiveness): ✓ PASS
[2026-09-21T23:57:31.870782+00:00] Executing C16: packaging, dependency locks and wheel resources...
[2026-09-21T23:57:31.883431+00:00] C16 (Packaging & Dependencies Lock): ✓ PASS
[2026-09-21T23:57:31.884238+00:00] Executing C17: teardown and evidence finalization...
[2026-09-21T23:57:32.307327+00:00] Stopping isolated mphserver PID 39668...
[2026-09-21T23:57:33.439259+00:00] C17 (Teardown & Verification Ledger Finalization): ✓ PASS
[2026-09-21T23:57:33.439353+00:00] Suite completed in 29.14s
